Component: ARM Compiler 5.05 update 1 (build 106) Tool: armlink [4d0efa]

==============================================================================

Section Cross References

    main.o(.text) refers to timer.o(.text) for TIM3_Int_Init
    main.o(.text) refers to usart3.o(.text) for usart3_init
    main.o(.text) refers to gizwits_protocol.o(.text) for gizwitsInit
    main.o(.text) refers to delay.o(.text) for delay_init
    main.o(.text) refers to misc.o(.text) for NVIC_PriorityGroupConfig
    main.o(.text) refers to usart.o(.text) for uart_init
    main.o(.text) refers to led.o(.text) for LED_Init
    main.o(.text) refers to key.o(.text) for KEY_Init
    main.o(.text) refers to noretval__2printf.o(.text) for __2printf
    main.o(.text) refers to main.o(.data) for currentDataPoint
    system_stm32f10x.o(.text) refers to system_stm32f10x.o(.data) for SystemCoreClock
    led.o(.text) refers to stm32f10x_rcc.o(.text) for RCC_APB2PeriphClockCmd
    led.o(.text) refers to stm32f10x_gpio.o(.text) for GPIO_Init
    key.o(.text) refers to stm32f10x_rcc.o(.text) for RCC_APB2PeriphClockCmd
    key.o(.text) refers to stm32f10x_gpio.o(.text) for GPIO_Init
    key.o(.text) refers to delay.o(.text) for delay_ms
    key.o(.text) refers to key.o(.data) for key_up
    timer.o(.text) refers to stm32f10x_rcc.o(.text) for RCC_APB1PeriphClockCmd
    timer.o(.text) refers to stm32f10x_tim.o(.text) for TIM_TimeBaseInit
    timer.o(.text) refers to misc.o(.text) for NVIC_Init
    timer.o(.text) refers to gizwits_product.o(.text) for gizTimerMs
    usart3.o(.text) refers to stm32f10x_usart.o(.text) for USART_GetITStatus
    usart3.o(.text) refers to gizwits_protocol.o(.text) for gizPutData
    usart3.o(.text) refers to stm32f10x_rcc.o(.text) for RCC_APB2PeriphClockCmd
    usart3.o(.text) refers to stm32f10x_gpio.o(.text) for GPIO_Init
    usart3.o(.text) refers to misc.o(.text) for NVIC_Init
    delay.o(.text) refers to misc.o(.text) for SysTick_CLKSourceConfig
    delay.o(.text) refers to system_stm32f10x.o(.data) for SystemCoreClock
    delay.o(.text) refers to delay.o(.data) for fac_us
    usart.o(.text) refers (Special) to use_no_semi_2.o(.text) for __use_no_semihosting
    usart.o(.text) refers to stm32f10x_rcc.o(.text) for RCC_APB2PeriphClockCmd
    usart.o(.text) refers to stm32f10x_gpio.o(.text) for GPIO_Init
    usart.o(.text) refers to misc.o(.text) for NVIC_Init
    usart.o(.text) refers to stm32f10x_usart.o(.text) for USART_Init
    usart.o(.text) refers to usart.o(.data) for USART_RX_STA
    usart.o(.text) refers to usart.o(.bss) for USART_RX_BUF
    usart.o(.bss) refers (Special) to use_no_semi_2.o(.text) for __use_no_semihosting
    usart.o(.data) refers (Special) to use_no_semi_2.o(.text) for __use_no_semihosting
    startup_stm32f10x_hd.o(STACK) refers (Special) to heapauxi.o(.text) for __use_two_region_memory
    startup_stm32f10x_hd.o(HEAP) refers (Special) to heapauxi.o(.text) for __use_two_region_memory
    startup_stm32f10x_hd.o(RESET) refers (Special) to heapauxi.o(.text) for __use_two_region_memory
    startup_stm32f10x_hd.o(RESET) refers to startup_stm32f10x_hd.o(STACK) for __initial_sp
    startup_stm32f10x_hd.o(RESET) refers to startup_stm32f10x_hd.o(.text) for Reset_Handler
    startup_stm32f10x_hd.o(RESET) refers to stm32f10x_it.o(.text) for NMI_Handler
    startup_stm32f10x_hd.o(RESET) refers to timer.o(.text) for TIM3_IRQHandler
    startup_stm32f10x_hd.o(RESET) refers to usart.o(.text) for USART1_IRQHandler
    startup_stm32f10x_hd.o(RESET) refers to usart3.o(.text) for USART3_IRQHandler
    startup_stm32f10x_hd.o(.text) refers (Special) to heapauxi.o(.text) for __use_two_region_memory
    startup_stm32f10x_hd.o(.text) refers to system_stm32f10x.o(.text) for SystemInit
    startup_stm32f10x_hd.o(.text) refers to __main.o(!!!main) for __main
    startup_stm32f10x_hd.o(.text) refers to startup_stm32f10x_hd.o(HEAP) for Heap_Mem
    startup_stm32f10x_hd.o(.text) refers to startup_stm32f10x_hd.o(STACK) for Stack_Mem
    stm32f10x_gpio.o(.text) refers to stm32f10x_rcc.o(.text) for RCC_APB2PeriphResetCmd
    stm32f10x_rcc.o(.text) refers to stm32f10x_rcc.o(.data) for APBAHBPrescTable
    stm32f10x_tim.o(.text) refers to stm32f10x_rcc.o(.text) for RCC_APB2PeriphResetCmd
    stm32f10x_usart.o(.text) refers to stm32f10x_rcc.o(.text) for RCC_APB2PeriphResetCmd
    gizwits_product.o(.text) refers to _printf_percent.o(.ARM.Collect$$_printf_percent$$00000000) for _printf_percent
    gizwits_product.o(.text) refers to _printf_d.o(.ARM.Collect$$_printf_percent$$00000009) for _printf_d
    gizwits_product.o(.text) refers to _printf_dec.o(.text) for _printf_int_dec
    gizwits_product.o(.text) refers to _printf_pad.o(.text) for _printf_pre_padding
    gizwits_product.o(.text) refers to _printf_x.o(.ARM.Collect$$_printf_percent$$0000000C) for _printf_x
    gizwits_product.o(.text) refers to _printf_hex_int.o(.text) for _printf_longlong_hex
[...]
    ../clib/printf.c                         0x00000000   Number         0  noretval__2printf.o ABSOLUTE
    ../clib/printf.c                         0x00000000   Number         0  __printf.o ABSOLUTE
    ../clib/printf.c                         0x00000000   Number         0  _printf_pad.o ABSOLUTE
    ../clib/printf.c                         0x00000000   Number         0  _printf_char_file.o ABSOLUTE
    ../clib/printf.c                         0x00000000   Number         0  _printf_dec.o ABSOLUTE
    ../clib/printf.c                         0x00000000   Number         0  _printf_intcommon.o ABSOLUTE
    ../clib/printf.c                         0x00000000   Number         0  _printf_hex_ll.o ABSOLUTE
    ../clib/printf.c                         0x00000000   Number         0  _printf_hex_int.o ABSOLUTE
    ../clib/printf.c                         0x00000000   Number         0  _printf_hex_int_ll.o ABSOLUTE
    ../clib/printf.c                         0x00000000   Number         0  _printf_hex_ptr.o ABSOLUTE
    ../clib/printf.c                         0x00000000   Number         0  _printf_hex_int_ptr.o ABSOLUTE
    ../clib/printf.c                         0x00000000   Number         0  _printf_hex_ll_ptr.o ABSOLUTE
    ../clib/printf.c                         0x00000000   Number         0  _printf_hex_int_ll_ptr.o ABSOLUTE
    ../clib/printf.c                         0x00000000   Number         0  __printf_flags.o ABSOLUTE
    ../clib/printf_percent.s                 0x00000000   Number         0  _printf_percent.o ABSOLUTE
    ../clib/printf_percent.s                 0x00000000   Number         0  _printf_d.o ABSOLUTE
    ../clib/printf_percent.s                 0x00000000   Number         0  _printf_x.o ABSOLUTE
    ../clib/printf_percent.s                 0x00000000   Number         0  _printf_percent_end.o ABSOLUTE
    ../clib/signal.c                         0x00000000   Number         0  defsig_fpe_inner.o ABSOLUTE
    ../clib/signal.c                         0x00000000   Number         0  defsig_general.o ABSOLUTE
    ../clib/signal.c                         0x00000000   Number         0  __raise.o ABSOLUTE
    ../clib/signal.c                         0x00000000   Number         0  defsig_other.o ABSOLUTE
    ../clib/signal.c                         0x00000000   Number         0  defsig_rtred_inner.o ABSOLUTE
    ../clib/signal.c                         0x00000000   Number         0  defsig_stak_inner.o ABSOLUTE
    ../clib/signal.c                         0x00000000   Number         0  defsig_pvfn_inner.o ABSOLUTE
    ../clib/signal.c                         0x00000000   Number         0  defsig_cppl_inner.o ABSOLUTE
    ../clib/signal.c                         0x00000000   Number         0  defsig_abrt_inner.o ABSOLUTE
    ../clib/signal.c                         0x00000000   Number         0  defsig_exit.o ABSOLUTE
    ../clib/signal.c                         0x00000000   Number         0  defsig_rtmem_formal.o ABSOLUTE
    ../clib/signal.c                         0x00000000   Number         0  defsig_segv_inner.o ABSOLUTE
    ../clib/signal.c                         0x00000000   Number         0  defsig_rtmem_outer.o ABSOLUTE
    ../clib/signal.c                         0x00000000   Number         0  defsig_rtmem_inner.o ABSOLUTE
    ../clib/signal.s                         0x00000000   Number         0  defsig.o ABSOLUTE
    ../clib/stdio.c                          0x00000000   Number         0  ferror_locked.o ABSOLUTE
    ../clib/stdio.c                          0x00000000   Number         0  ferror.o ABSOLUTE
    ../clib/stdlib.c                         0x00000000   Number         0  exit.o ABSOLUTE
    ../clib/string.c                         0x00000000   Number         0  strlen.o ABSOLUTE
    ../fplib/faddsub.s                       0x00000000   Number         0  faddsub_clz.o ABSOLUTE
    ../fplib/fdiv.s                          0x00000000   Number         0  fdiv.o ABSOLUTE
    ../fplib/ffixu.s                         0x00000000   Number         0  ffixu.o ABSOLUTE
    ../fplib/fflt.s                          0x00000000   Number         0  fflt_clz.o ABSOLUTE
    ../fplib/fmul.s                          0x00000000   Number         0  fmul.o ABSOLUTE
    ../fplib/fnaninf.s                       0x00000000   Number         0  fnaninf.o ABSOLUTE
    ../fplib/fpinit.s                        0x00000000   Number         0  fpinit.o ABSOLUTE
    ../fplib/fretinf.s                       0x00000000   Number         0  fretinf.o ABSOLUTE
    ../fplib/usenofp.s                       0x00000000   Number         0  usenofp.o ABSOLUTE
    ..\CORE\core_cm3.c                       0x00000000   Number         0  core_cm3.o ABSOLUTE
    ..\CORE\startup_stm32f10x_hd.s           0x00000000   Number         0  startup_stm32f10x_hd.o ABSOLUTE
    ..\Gizwits\gizwits_product.c             0x00000000   Number         0  gizwits_product.o ABSOLUTE
    ..\Gizwits\gizwits_protocol.c            0x00000000   Number         0  gizwits_protocol.o ABSOLUTE
    ..\HARDWARE\KEY\key.c                    0x00000000   Number         0  key.o ABSOLUTE
    ..\HARDWARE\LED\led.c                    0x00000000   Number         0  led.o ABSOLUTE
    ..\HARDWARE\TIMER\timer.c                0x00000000   Number         0  timer.o ABSOLUTE
    ..\HARDWARE\USART3\usart3.c              0x00000000   Number         0  usart3.o ABSOLUTE
    ..\STM32F10x_FWLib\src\misc.c            0x00000000   Number         0  misc.o ABSOLUTE
    ..\STM32F10x_FWLib\src\stm32f10x_gpio.c  0x00000000   Number         0  stm32f10x_gpio.o ABSOLUTE
    ..\STM32F10x_FWLib\src\stm32f10x_rcc.c   0x00000000   Number         0  stm32f10x_rcc.o ABSOLUTE
    ..\STM32F10x_FWLib\src\stm32f10x_tim.c   0x00000000   Number         0  stm32f10x_tim.o ABSOLUTE
    ..\STM32F10x_FWLib\src\stm32f10x_usart.c 0x00000000   Number         0  stm32f10x_usart.o ABSOLUTE
    ..\SYSTEM\delay\delay.c                  0x00000000   Number         0  delay.o ABSOLUTE
    ..\SYSTEM\sys\sys.c                      0x00000000   Number         0  sys.o ABSOLUTE
    ..\SYSTEM\usart\usart.c                  0x00000000   Number         0  usart.o ABSOLUTE
    ..\Utils\common.c                        0x00000000   Number         0  common.o ABSOLUTE
    ..\Utils\dataPointTools.c                0x00000000   Number         0  datapointtools.o ABSOLUTE
    ..\Utils\ringbuffer.c                    0x00000000   Number         0  ringbuffer.o ABSOLUTE
    ..\\CORE\\core_cm3.c                     0x00000000   Number         0  core_cm3.o ABSOLUTE
    ..\\SYSTEM\\sys\\sys.c                   0x00000000   Number         0  sys.o ABSOLUTE
    dc.s                                     0x00000000   Number         0  dc.o ABSOLUTE
    main.c                                   0x00000000   Number         0  main.o ABSOLUTE
    stm32f10x_it.c                           0x00000000   Number         0  stm32f10x_it.o ABSOLUTE
    system_stm32f10x.c                       0x00000000   Number         0  system_stm32f10x.o ABSOLUTE
    RESET                                    0x08000000   Section      304  startup_stm32f10x_hd.o(RESET)
    !!!main                                  0x08000130   Section        8  __main.o(!!!main)
    !!!scatter                               0x08000138   Section       52  __scatter.o(!!!scatter)
    !!handler_copy                           0x0800016c   Section       26  __scatter_copy.o(!!handler_copy)
    !!handler_zi                             0x08000188   Section       28  __scatter_zi.o(!!handler_zi)
    .ARM.Collect$$_printf_percent$$00000000  0x080001a4   Section        0  _printf_percent.o(.ARM.Collect$$_printf_percent$$00000000)
    .ARM.Collect$$_printf_percent$$00000009  0x080001a4   Section        6  _printf_d.o(.ARM.Collect$$_printf_percent$$00000009)
    .ARM.Collect$$_printf_percent$$0000000C  0x080001aa   Section        6  _printf_x.o(.ARM.Collect$$_printf_percent$$0000000C)
    .ARM.Collect$$_printf_percent$$00000017  0x080001b0   Section        4  _printf_percent_end.o(.ARM.Collect$$_printf_percent$$00000017)
    .ARM.Collect$$libinit$$00000000          0x080001b4   Section        2  libinit.o(.ARM.Collect$$libinit$$00000000)
    .ARM.Collect$$libinit$$00000002          0x080001b6   Section        0  libinit2.o(.ARM.Collect$$libinit$$00000002)
    .ARM.Collect$$libinit$$00000004          0x080001b6   Section        0  libinit2.o(.ARM.Collect$$libinit$$00000004)
    .ARM.Collect$$libinit$$0000000A          0x080001b6   Section        0  libinit2.o(.ARM.Collect$$libinit$$0000000A)
    .ARM.Collect$$libinit$$0000000C          0x080001b6   Section        0  libinit2.o(.ARM.Collect$$libinit$$0000000C)
    .ARM.Collect$$libinit$$0000000E          0x080001b6   Section        0  libinit2.o(.ARM.Collect$$libinit$$0000000E)
    .ARM.Collect$$libinit$$0000000F          0x080001b6   Section        6  libinit2.o(.ARM.Collect$$libinit$$0000000F)
    .ARM.Collect$$libinit$$00000011          0x080001bc   Section        0  libinit2.o(.ARM.Collect$$libinit$$00000011)
    .ARM.Collect$$libinit$$00000012          0x080001bc   Section       12  libinit2.o(.ARM.Collect$$libinit$$00000012)
    .ARM.Collect$$libinit$$00000013          0x080001c8   Section        0  libinit2.o(.ARM.Collect$$libinit$$00000013)
    .ARM.Collect$$libinit$$00000015          0x080001c8   Section        0  libinit2.o(.ARM.Collect$$libinit$$00000015)
    .ARM.Collect$$libinit$$00000017          0x080001c8   Section        0  libinit2.o(.ARM.Collect$$libinit$$00000017)
    .ARM.Collect$$libinit$$00000019          0x080001c8   Section        0  libinit2.o(.ARM.Collect$$libinit$$00000019)
    .ARM.Collect$$libinit$$0000001B          0x080001c8   Section        0  libinit2.o(.ARM.Collect$$libinit$$0000001B)
    .ARM.Collect$$libinit$$0000001D          0x080001c8   Section        0  libinit2.o(.ARM.Collect$$libinit$$0000001D)
    .ARM.Collect$$libinit$$0000001F          0x080001c8   Section        0  libinit2.o(.ARM.Collect$$libinit$$0000001F)
    .ARM.Collect$$libinit$$00000021          0x080001c8   Section        0  libinit2.o(.ARM.Collect$$libinit$$00000021)
    .ARM.Collect$$libinit$$00000023          0x080001c8   Section        0  libinit2.o(.ARM.Collect$$libinit$$00000023)
    .ARM.Collect$$libinit$$00000025          0x080001c8   Section        0  libinit2.o(.ARM.Collect$$libinit$$00000025)
    .ARM.Collect$$libinit$$0000002C          0x080001c8   Section        0  libinit2.o(.ARM.Collect$$libinit$$0000002C)
    .ARM.Collect$$libinit$$0000002E          0x080001c8   Section        0  libinit2.o(.ARM.Collect$$libinit$$0000002E)
    .ARM.Collect$$libinit$$00000030          0x080001c8   Section        0  libinit2.o(.ARM.Collect$$libinit$$00000030)
    .ARM.Collect$$libinit$$00000032          0x080001c8   Section        0  libinit2.o(.ARM.Collect$$libinit$$00000032)
    .ARM.Collect$$libinit$$00000033          0x080001c8   Section        2  libinit2.o(.ARM.Collect$$libinit$$00000033)
    .ARM.Collect$$libshutdown$$00000000      0x080001ca   Section        2  libshutdown.o(.ARM.Collect$$libshutdown$$00000000)
    .ARM.Collect$$libshutdown$$00000003      0x080001cc   Section        0  libshutdown2.o(.ARM.Collect$$libshutdown$$00000003)
    .ARM.Collect$$libshutdown$$00000006      0x080001cc   Section        0  libshutdown2.o(.ARM.Collect$$libshutdown$$00000006)
    .ARM.Collect$$libshutdown$$00000009      0x080001cc   Section        0  libshutdown2.o(.ARM.Collect$$libshutdown$$00000009)
    .ARM.Collect$$libshutdown$$0000000B      0x080001cc   Section        0  libshutdown2.o(.ARM.Collect$$libshutdown$$0000000B)
    .ARM.Collect$$libshutdown$$0000000E      0x080001cc   Section        0  libshutdown2.o(.ARM.Collect$$libshutdown$$0000000E)
    .ARM.Collect$$libshutdown$$0000000F      0x080001cc   Section        2  libshutdown2.o(.ARM.Collect$$libshutdown$$0000000F)
    .ARM.Collect$$rtentry$$00000000          0x080001ce   Section        0  __rtentry.o(.ARM.Collect$$rtentry$$00000000)
    .ARM.Collect$$rtentry$$00000002          0x080001ce   Section        0  __rtentry2.o(.ARM.Collect$$rtentry$$00000002)
    .ARM.Collect$$rtentry$$00000004          0x080001ce   Section        6  __rtentry4.o(.ARM.Collect$$rtentry$$00000004)
    .ARM.Collect$$rtentry$$00000009          0x080001d4   Section        0  __rtentry2.o(.ARM.Collect$$rtentry$$00000009)
    .ARM.Collect$$rtentry$$0000000A          0x080001d4   Section        4  __rtentry2.o(.ARM.Collect$$rtentry$$0000000A)
    .ARM.Collect$$rtentry$$0000000C          0x080001d8   Section        0  __rtentry2.o(.ARM.Collect$$rtentry$$0000000C)
    .ARM.Collect$$rtentry$$0000000D          0x080001d8   Section        8  __rtentry2.o(.ARM.Collect$$rtentry$$0000000D)
    .ARM.Collect$$rtexit$$00000000           0x080001e0   Section        2  rtexit.o(.ARM.Collect$$rtexit$$00000000)
    .ARM.Collect$$rtexit$$00000002           0x080001e2   Section        0  rtexit2.o(.ARM.Collect$$rtexit$$00000002)
    .ARM.Collect$$rtexit$$00000003           0x080001e2   Section        4  rtexit2.o(.ARM.Collect$$rtexit$$00000003)
    .ARM.Collect$$rtexit$$00000004           0x080001e6   Section        6  rtexit2.o(.ARM.Collect$$rtexit$$00000004)
    .text                                    0x080001ec   Section        0  main.o(.text)
    .text                                    0x08000338   Section        0  stm32f10x_it.o(.text)
    .text                                    0x08000354   Section        0  system_stm32f10x.o(.text)
    SetSysClockTo72                          0x08000355   Thumb Code   214  system_stm32f10x.o(.text)
    SetSysClock                              0x0800042b   Thumb Code     8  system_stm32f10x.o(.text)
    .text                                    0x08000534   Section        0  led.o(.text)
    .text                                    0x08000580   Section        0  key.o(.text)
    .text                                    0x0800067c   Section        0  timer.o(.text)
    .text                                    0x080006f4   Section        0  usart3.o(.text)
    .text                                    0x080007c4   Section        0  delay.o(.text)
    .text                                    0x08000898   Section        0  usart.o(.text)
    .text                                    0x080009d8   Section       64  startup_stm32f10x_hd.o(.text)
    .text                                    0x08000a18   Section        0  misc.o(.text)
    .text                                    0x08000af4   Section        0  stm32f10x_gpio.o(.text)
    .text                                    0x08000e50   Section        0  stm32f10x_rcc.o(.text)
    .text                                    0x080011f4   Section        0  stm32f10x_tim.o(.text)
    TI4_Config                               0x0800169b   Thumb Code   130  stm32f10x_tim.o(.text)
    TI3_Config                               0x0800172f   Thumb Code   122  stm32f10x_tim.o(.text)
    TI2_Config                               0x080017c3   Thumb Code   130  stm32f10x_tim.o(.text)
    TI1_Config                               0x08001857   Thumb Code   108  stm32f10x_tim.o(.text)
    .text                                    0x08002010   Section        0  stm32f10x_usart.o(.text)
    .text                                    0x08002418   Section        0  gizwits_product.o(.text)
    .text                                    0x080026a8   Section        0  gizwits_protocol.o(.text)
    gizProtocolHeadInit                      0x080026dd   Thumb Code    34  gizwits_protocol.o(.text)
    gizProtocolWaitAck                       0x080026ff   Thumb Code    70  gizwits_protocol.o(.text)
    gizDataPoint2Event                       0x0800276d   Thumb Code   112  gizwits_protocol.o(.text)
    gizCheckReport                           0x080027dd   Thumb Code    78  gizwits_protocol.o(.text)
    gizDataPoints2ReportData                 0x0800282b   Thumb Code   158  gizwits_protocol.o(.text)
    gizProtocolIssuedProcess                 0x080028c9   Thumb Code   248  gizwits_protocol.o(.text)
    gizProtocolIssuedDataAck                 0x080029c1   Thumb Code   714  gizwits_protocol.o(.text)
    gizReportData                            0x08002c8b   Thumb Code   174  gizwits_protocol.o(.text)
    gizDevReportPolicy                       0x08002d39   Thumb Code   158  gizwits_protocol.o(.text)
    gizProtocolGetOnePacket                  0x08002dd7   Thumb Code   358  gizwits_protocol.o(.text)
    gizProtocolResendData                    0x08002f3d   Thumb Code    64  gizwits_protocol.o(.text)
    gizProtocolWaitAckCheck                  0x08002f7d   Thumb Code    48  gizwits_protocol.o(.text)
    gizProtocolCommonAck                     0x08002fad   Thumb Code    86  gizwits_protocol.o(.text)
    gizProtocolAckHandle                     0x08003003   Thumb Code   452  gizwits_protocol.o(.text)
    gizProtocolGetDeviceInfo                 0x080031c7   Thumb Code   184  gizwits_protocol.o(.text)
    gizProtocolErrorCmd                      0x0800327f   Thumb Code    92  gizwits_protocol.o(.text)
    gizProtocolNTP                           0x080032db   Thumb Code   114  gizwits_protocol.o(.text)
    gizProtocolReboot                        0x0800334d   Thumb Code    28  gizwits_protocol.o(.text)
    gizProtocolModuleStatus                  0x08003369   Thumb Code  1396  gizwits_protocol.o(.text)
    gizProtocolModuleInfoHandle              0x08003d1d   Thumb Code    68  gizwits_protocol.o(.text)
    .text                                    0x080041c8   Section        0  common.o(.text)
    isleap                                   0x08004359   Thumb Code    52  common.o(.text)
    get_yeardays                             0x0800438d   Thumb Code    24  common.o(.text)
    .text                                    0x08004560   Section        0  datapointtools.o(.text)
    .text                                    0x080048ac   Section        0  ringbuffer.o(.text)
    .text                                    0x08004a7a   Section        2  use_no_semi_2.o(.text)
    .text                                    0x08004a7c   Section        0  h1_free.o(.text)
    .text                                    0x08004aca   Section        0  toupper.o(.text)
    .text                                    0x08004ae8   Section        0  noretval__2printf.o(.text)
    .text                                    0x08004b00   Section        0  _printf_pad.o(.text)
    .text                                    0x08004b50   Section        0  _printf_dec.o(.text)
    .text                                    0x08004bc8   Section        0  _printf_hex_int.o(.text)
    .text                                    0x08004c20   Section        0  __printf_flags_wp.o(.text)
    .text                                    0x08004d58   Section        0  strlen.o(.text)
    .text                                    0x08004d96   Section      138  rt_memcpy_v6.o(.text)
    .text                                    0x08004e20   Section      100  rt_memcpy_w.o(.text)
    .text                                    0x08004e84   Section       16  aeabi_memset.o(.text)
    .text                                    0x08004e94   Section       68  rt_memclr.o(.text)
    .text                                    0x08004ed8   Section        0  heapauxi.o(.text)
    .text                                    0x08004ede   Section        2  use_no_semi.o(.text)
    .text                                    0x08004ee0   Section       16  rt_ctype_table.o(.text)
    .text                                    0x08004ef0   Section        8  rt_heap_descriptor_intlibspace.o(.text)
    .text                                    0x08004ef8   Section        0  _printf_intcommon.o(.text)
    .text                                    0x08004fac   Section        0  _printf_char_file.o(.text)
    .text                                    0x08004fd0   Section       78  rt_memclr_w.o(.text)
    .text                                    0x08005020   Section        8  libspace.o(.text)
    .text                                    0x08005028   Section        8  rt_locale_intlibspace.o(.text)
    .text                                    0x08005030   Section        0  _printf_char_common.o(.text)
    _printf_input_char                       0x08005031   Thumb Code    10  _printf_char_common.o(.text)
    .text                                    0x08005060   Section        0  ferror.o(.text)
    .text                                    0x08005068   Section       74  sys_stackheap_outer.o(.text)
    .text                                    0x080050b2   Section        0  exit.o(.text)
    .text                                    0x080050c0   Section      128  strcmpv7m.o(.text)
    i._is_digit                              0x08005140   Section        0  __printf_wp.o(i._is_digit)
    locale$$code                             0x08005150   Section       44  lc_ctype_c.o(locale$$code)
    x$fpl$fadd                               0x0800517c   Section      196  faddsub_clz.o(x$fpl$fadd)
    _fadd1                                   0x0800518b   Thumb Code     0  faddsub_clz.o(x$fpl$fadd)
    x$fpl$fdiv                               0x08005240   Section      388  fdiv.o(x$fpl$fdiv)
    _fdiv1                                   0x08005241   Thumb Code     0  fdiv.o(x$fpl$fdiv)
    x$fpl$ffixu                              0x080053c4   Section       62  ffixu.o(x$fpl$ffixu)
    x$fpl$ffltu                              0x08005404   Section       38  fflt_clz.o(x$fpl$ffltu)
    x$fpl$fmul                               0x0800542c   Section      258  fmul.o(x$fpl$fmul)
    x$fpl$fnaninf                            0x0800552e   Section      140  fnaninf.o(x$fpl$fnaninf)
    x$fpl$fretinf                            0x080055ba   Section       10  fretinf.o(x$fpl$fretinf)
    x$fpl$fsub                               0x080055c4   Section      234  faddsub_clz.o(x$fpl$fsub)
    _fsub1                                   0x080055d3   Thumb Code     0  faddsub_clz.o(x$fpl$fsub)
    x$fpl$usenofp                            0x080056ae   Section        0  usenofp.o(x$fpl$usenofp)
    .constdata                               0x080056b0   Section       48  common.o(.constdata)
    .constdata                               0x080056e0   Section       40  _printf_hex_int.o(.constdata)
    uc_hextab                                0x080056e0   Data          20  _printf_hex_int.o(.constdata)
    lc_hextab                                0x080056f4   Data          20  _printf_hex_int.o(.constdata)
    .constdata                               0x08005708   Section       17  __printf_flags_wp.o(.constdata)
    maptable                                 0x08005708   Data          17  __printf_flags_wp.o(.constdata)
    locale$$data                             0x0800573c   Section      272  lc_ctype_c.o(locale$$data)
    __lcctype_c_name                         0x08005740   Data           2  lc_ctype_c.o(locale$$data)
    __lcctype_c_start                        0x08005748   Data           0  lc_ctype_c.o(locale$$data)
    __lcctype_c_end                          0x0800584c   Data           0  lc_ctype_c.o(locale$$data)
    .data                                    0x20000000   Section        1  main.o(.data)
    .data                                    0x20000004   Section       20  system_stm32f10x.o(.data)
    .data                                    0x20000018   Section        1  key.o(.data)
    key_up                                   0x20000018   Data           1  key.o(.data)
    .data                                    0x2000001a   Section        4  delay.o(.data)
    fac_us                                   0x2000001a   Data           1  delay.o(.data)
    fac_ms                                   0x2000001c   Data           2  delay.o(.data)
    .data                                    0x20000020   Section        6  usart.o(.data)
    .data                                    0x20000026   Section       20  stm32f10x_rcc.o(.data)
    APBAHBPrescTable                         0x20000026   Data          16  stm32f10x_rcc.o(.data)
    ADCPrescTable                            0x20000036   Data           4  stm32f10x_rcc.o(.data)
    .data                                    0x2000003c   Section        5  gizwits_product.o(.data)
    timerMsCount                             0x2000003c   Data           4  gizwits_product.o(.data)
    .data                                    0x20000044   Section       16  gizwits_protocol.o(.data)
    lastReportTime                           0x20000044   Data           4  gizwits_protocol.o(.data)
    lastRepTime                              0x20000048   Data           4  gizwits_protocol.o(.data)
    protocolFlag                             0x2000004c   Data           1  gizwits_protocol.o(.data)
    protocolCount                            0x2000004e   Data           2  gizwits_protocol.o(.data)
    lastData                                 0x20000050   Data           1  gizwits_protocol.o(.data)
    debugCount                               0x20000051   Data           1  gizwits_protocol.o(.data)
    lastStatus                               0x20000052   Data           2  gizwits_protocol.o(.data)
    .bss                                     0x20000054   Section      200  usart.o(.bss)
    .bss                                     0x2000011c   Section      310  gizwits_protocol.o(.bss)
    rbBuf                                    0x20000226   Data          44  gizwits_protocol.o(.bss)
    .bss                                     0x20000254   Section       96  libspace.o(.bss)
    HEAP                                     0x200002b8   Section      512  startup_stm32f10x_hd.o(HEAP)
    Heap_Mem                                 0x200002b8   Data         512  startup_stm32f10x_hd.o(HEAP)
    STACK                                    0x200004b8   Section     4096  startup_stm32f10x_hd.o(STACK)
    Stack_Mem                                0x200004b8   Data        4096  startup_stm32f10x_hd.o(STACK)
    __initial_sp                             0x200014b8   Data           0  startup_stm32f10x_hd.o(STACK)

    Global Symbols

    Symbol Name                              Value     Ov Type        Size  Object(Section)

    BuildAttributes$$THM_ISAv4$P$D$K$B$S$PE$A:L22UL41UL21$X:L11$S22US41US21$IEEE1$IW$USESV6$~STKCKD$USESV7$~SHL$OTIME$ROPI$EBA8$UX$STANDARDLIB$REQ8$PRES8$EABIv2 0x00000000   Number         0  anon$$obj.o ABSOLUTE
    __ARM_use_no_argv                        0x00000000   Number         0  main.o ABSOLUTE
    _printf_flags                            0x00000000   Number         0  printf_stubs.o ABSOLUTE
    _printf_return_value                     0x00000000   Number         0  printf_stubs.o ABSOLUTE
    _printf_sizespec                         0x00000000   Number         0  printf_stubs.o ABSOLUTE
    _printf_widthprec                        0x00000000   Number         0  printf_stubs.o ABSOLUTE
    __ARM_exceptions_init                     - Undefined Weak Reference
    __alloca_initialize                       - Undefined Weak Reference
    __arm_preinit_                            - Undefined Weak Reference
    __cpp_initialize__aeabi_                  - Undefined Weak Reference
    __cxa_finalize                            - Undefined Weak Reference
    __sigvec_lookup                           - Undefined Weak Reference
    __user_heap_extent                        - Undefined Weak Reference
    _atexit_init                              - Undefined Weak Reference
    _call_atexit_fns                          - Undefined Weak Reference
    _clock_init                               - Undefined Weak Reference
    _fp_trap_init                             - Undefined Weak Reference
    _fp_trap_shutdown                         - Undefined Weak Reference
    _get_lc_collate                           - Undefined Weak Reference
    _get_lc_monetary                          - Undefined Weak Reference
    _get_lc_numeric                           - Undefined Weak Reference
    _get_lc_time                              - Undefined Weak Reference
    _getenv_init                              - Undefined Weak Reference
    _handle_redirection                       - Undefined Weak Reference
    _initio                                   - Undefined Weak Reference
    _mutex_acquire                            - Undefined Weak Reference
    _mutex_free                               - Undefined Weak Reference
    _mutex_release                            - Undefined Weak Reference
    _printf_truncate_signed                   - Undefined Weak Reference
    _printf_truncate_unsigned                 - Undefined Weak Reference
    _rand_init                                - Undefined Weak Reference
    _signal_finish                            - Undefined Weak Reference
    _signal_init                              - Undefined Weak Reference
    _terminateio                              - Undefined Weak Reference
    __Vectors_Size                           0x00000130   Number         0  startup_stm32f10x_hd.o ABSOLUTE
    __Vectors                                0x08000000   Data           4  startup_stm32f10x_hd.o(RESET)
    __Vectors_End                            0x08000130   Data           0  startup_stm32f10x_hd.o(RESET)
    __main                                   0x08000131   Thumb Code     8  __main.o(!!!main)
    __scatterload                            0x08000139   Thumb Code     0  __scatter.o(!!!scatter)
    __scatterload_rt2                        0x08000139   Thumb Code    44  __scatter.o(!!!scatter)
    __scatterload_rt2_thumb_only             0x08000139   Thumb Code     0  __scatter.o(!!!scatter)
    __scatterload_null                       0x08000147   Thumb Code     0  __scatter.o(!!!scatter)
    __scatterload_copy                       0x0800016d   Thumb Code    26  __scatter_copy.o(!!handler_copy)
    __scatterload_zeroinit                   0x08000189   Thumb Code    28  __scatter_zi.o(!!handler_zi)
    _printf_d                                0x080001a5   Thumb Code     0  _printf_d.o(.ARM.Collect$$_printf_percent$$00000009)
    _printf_percent                          0x080001a5   Thumb Code     0  _printf_percent.o(.ARM.Collect$$_printf_percent$$00000000)
    _printf_x                                0x080001ab   Thumb Code     0  _printf_x.o(.ARM.Collect$$_printf_percent$$0000000C)
    _printf_percent_end                      0x080001b1   Thumb Code     0  _printf_percent_end.o(.ARM.Collect$$_printf_percent$$00000017)
    __rt_lib_init                            0x080001b5   Thumb Code     0  libinit.o(.ARM.Collect$$libinit$$00000000)
    __rt_lib_init_fp_1                       0x080001b7   Thumb Code     0  libinit2.o(.ARM.Collect$$libinit$$00000002)
    __rt_lib_init_heap_1                     0x080001b7   Thumb Code     0  libinit2.o(.ARM.Collect$$libinit$$0000000A)
    __rt_lib_init_lc_common                  0x080001b7   Thumb Code     0  libinit2.o(.ARM.Collect$$libinit$$0000000F)
    __rt_lib_init_preinit_1                  0x080001b7   Thumb Code     0  libinit2.o(.ARM.Collect$$libinit$$00000004)
    __rt_lib_init_rand_1                     0x080001b7   Thumb Code     0  libinit2.o(.ARM.Collect$$libinit$$0000000E)
    __rt_lib_init_user_alloc_1               0x080001b7   Thumb Code     0  libinit2.o(.ARM.Collect$$libinit$$0000000C)
    __rt_lib_init_lc_collate_1               0x080001bd   Thumb Code     0  libinit2.o(.ARM.Collect$$libinit$$00000011)
    __rt_lib_init_lc_ctype_2                 0x080001bd   Thumb Code     0  libinit2.o(.ARM.Collect$$libinit$$00000012)
    __rt_lib_init_alloca_1                   0x080001c9   Thumb Code     0  libinit2.o(.ARM.Collect$$libinit$$0000002E)
    __rt_lib_init_argv_1                     0x080001c9   Thumb Code     0  libinit2.o(.ARM.Collect$$libinit$$0000002C)
    __rt_lib_init_atexit_1                   0x080001c9   Thumb Code     0  libinit2.o(.ARM.Collect$$libinit$$0000001B)
    __rt_lib_init_clock_1                    0x080001c9   Thumb Code     0  libinit2.o(.ARM.Collect$$libinit$$00000021)
    __rt_lib_init_cpp_1                      0x080001c9   Thumb Code     0  libinit2.o(.ARM.Collect$$libinit$$00000032)
    __rt_lib_init_exceptions_1               0x080001c9   Thumb Code     0  libinit2.o(.ARM.Collect$$libinit$$00000030)
    __rt_lib_init_fp_trap_1                  0x080001c9   Thumb Code     0  libinit2.o(.ARM.Collect$$libinit$$0000001F)
    __rt_lib_init_getenv_1                   0x080001c9   Thumb Code     0  libinit2.o(.ARM.Collect$$libinit$$00000023)
    __rt_lib_init_lc_ctype_1                 0x080001c9   Thumb Code     0  libinit2.o(.ARM.Collect$$libinit$$00000013)
    __rt_lib_init_lc_monetary_1              0x080001c9   Thumb Code     0  libinit2.o(.ARM.Collect$$libinit$$00000015)
    __rt_lib_init_lc_numeric_1               0x080001c9   Thumb Code     0  libinit2.o(.ARM.Collect$$libinit$$00000017)
    __rt_lib_init_lc_time_1                  0x080001c9   Thumb Code     0  libinit2.o(.ARM.Collect$$libinit$$00000019)
    __rt_lib_init_return                     0x080001c9   Thumb Code     0  libinit2.o(.ARM.Collect$$libinit$$00000033)
    __rt_lib_init_signal_1                   0x080001c9   Thumb Code     0  libinit2.o(.ARM.Collect$$libinit$$0000001D)
    __rt_lib_init_stdio_1                    0x080001c9   Thumb Code     0  libinit2.o(.ARM.Collect$$libinit$$00000025)
    __rt_lib_shutdown                        0x080001cb   Thumb Code     0  libshutdown.o(.ARM.Collect$$libshutdown$$00000000)
    __rt_lib_shutdown_fp_trap_1              0x080001cd   Thumb Code     0  libshutdown2.o(.ARM.Collect$$libshutdown$$00000006)
    __rt_lib_shutdown_heap_1                 0x080001cd   Thumb Code     0  libshutdown2.o(.ARM.Collect$$libshutdown$$0000000E)
    __rt_lib_shutdown_return                 0x080001cd   Thumb Code     0  libshutdown2.o(.ARM.Collect$$libshutdown$$0000000F)
    __rt_lib_shutdown_signal_1               0x080001cd   Thumb Code     0  libshutdown2.o(.ARM.Collect$$libshutdown$$00000009)
    __rt_lib_shutdown_stdio_1                0x080001cd   Thumb Code     0  libshutdown2.o(.ARM.Collect$$libshutdown$$00000003)
    __rt_lib_shutdown_user_alloc_1           0x080001cd   Thumb Code     0  libshutdown2.o(.ARM.Collect$$libshutdown$$0000000B)
    __rt_entry                               0x080001cf   Thumb Code     0  __rtentry.o(.ARM.Collect$$rtentry$$00000000)
    __rt_entry_presh_1                       0x080001cf   Thumb Code     0  __rtentry2.o(.ARM.Collect$$rtentry$$00000002)
    __rt_entry_sh                            0x080001cf   Thumb Code     0  __rtentry4.o(.ARM.Collect$$rtentry$$00000004)
    __rt_entry_li                            0x080001d5   Thumb Code     0  __rtentry2.o(.ARM.Collect$$rtentry$$0000000A)
    __rt_entry_postsh_1                      0x080001d5   Thumb Code     0  __rtentry2.o(.ARM.Collect$$rtentry$$00000009)
    __rt_entry_main                          0x080001d9   Thumb Code     0  __rtentry2.o(.ARM.Collect$$rtentry$$0000000D)
    __rt_entry_postli_1                      0x080001d9   Thumb Code     0  __rtentry2.o(.ARM.Collect$$rtentry$$0000000C)
    __rt_exit                                0x080001e1   Thumb Code     0  rtexit.o(.ARM.Collect$$rtexit$$00000000)
    __rt_exit_ls                             0x080001e3   Thumb Code     0  rtexit2.o(.ARM.Collect$$rtexit$$00000003)
    __rt_exit_prels_1                        0x080001e3   Thumb Code     0  rtexit2.o(.ARM.Collect$$rtexit$$00000002)
    __rt_exit_exit                           0x080001e7   Thumb Code     0  rtexit2.o(.ARM.Collect$$rtexit$$00000004)
    Gizwits_Init                             0x080001ed   Thumb Code    32  main.o(.text)
    userHandle                               0x0800020d   Thumb Code    22  main.o(.text)
    main                                     0x08000223   Thumb Code   120  main.o(.text)
    NMI_Handler                              0x08000339   Thumb Code     2  stm32f10x_it.o(.text)
    HardFault_Handler                        0x0800033b   Thumb Code     4  stm32f10x_it.o(.text)
    MemManage_Handler                        0x0800033f   Thumb Code     4  stm32f10x_it.o(.text)
    BusFault_Handler                         0x08000343   Thumb Code     4  stm32f10x_it.o(.text)
    UsageFault_Handler                       0x08000347   Thumb Code     4  stm32f10x_it.o(.text)
    SVC_Handler                              0x0800034b   Thumb Code     2  stm32f10x_it.o(.text)
    DebugMon_Handler                         0x0800034d   Thumb Code     2  stm32f10x_it.o(.text)
    PendSV_Handler                           0x0800034f   Thumb Code     2  stm32f10x_it.o(.text)
    SysTick_Handler                          0x08000351   Thumb Code     2  stm32f10x_it.o(.text)
    SystemInit                               0x08000433   Thumb Code    78  system_stm32f10x.o(.text)
    SystemCoreClockUpdate                    0x08000481   Thumb Code   142  system_stm32f10x.o(.text)
    LED_Init                                 0x08000535   Thumb Code    68  led.o(.text)
    KEY_Init                                 0x08000581   Thumb Code    52  key.o(.text)
    KEY_Scan                                 0x080005b5   Thumb Code   188  key.o(.text)
    TIM3_Int_Init                            0x0800067d   Thumb Code    90  timer.o(.text)
    TIM3_IRQHandler                          0x080006d7   Thumb Code    26  timer.o(.text)
    USART3_IRQHandler                        0x080006f5   Thumb Code    34  usart3.o(.text)
    usart3_init                              0x08000717   Thumb Code   166  usart3.o(.text)
    delay_init                               0x080007c5   Thumb Code    50  delay.o(.text)
    delay_us                                 0x080007f7   Thumb Code    72  delay.o(.text)
    delay_ms                                 0x0800083f   Thumb Code    72  delay.o(.text)
    _sys_exit                                0x08000899   Thumb Code     4  usart.o(.text)
    fputc                                    0x0800089d   Thumb Code    24  usart.o(.text)
    uart_init                                0x080008b5   Thumb Code   152  usart.o(.text)
    USART1_IRQHandler                        0x0800094d   Thumb Code   122  usart.o(.text)
    Reset_Handler                            0x080009d9   Thumb Code     8  startup_stm32f10x_hd.o(.text)
    ADC1_2_IRQHandler                        0x080009f3   Thumb Code     0  startup_stm32f10x_hd.o(.text)
    ADC3_IRQHandler                          0x080009f3   Thumb Code     0  startup_stm32f10x_hd.o(.text)
    CAN1_RX1_IRQHandler                      0x080009f3   Thumb Code     0  startup_stm32f10x_hd.o(.text)
    CAN1_SCE_IRQHandler                      0x080009f3   Thumb Code     0  startup_stm32f10x_hd.o(.text)
    DMA1_Channel1_IRQHandler                 0x080009f3   Thumb Code     0  startup_stm32f10x_hd.o(.text)
    DMA1_Channel2_IRQHandler                 0x080009f3   Thumb Code     0  startup_stm32f10x_hd.o(.text)
    DMA1_Channel3_IRQHandler                 0x080009f3   Thumb Code     0  startup_stm32f10x_hd.o(.text)
    DMA1_Channel4_IRQHandler                 0x080009f3   Thumb Code     0  startup_stm32f10x_hd.o(.text)
    DMA1_Channel5_IRQHandler                 0x080009f3   Thumb Code     0  startup_stm32f10x_hd.o(.text)
    DMA1_Channel6_IRQHandler                 0x080009f3   Thumb Code     0  startup_stm32f10x_hd.o(.text)
    DMA1_Channel7_IRQHandler                 0x080009f3   Thumb Code     0  startup_stm32f10x_hd.o(.text)
    DMA2_Channel1_IRQHandler                 0x080009f3   Thumb Code     0  startup_stm32f10x_hd.o(.text)
    DMA2_Channel2_IRQHandler                 0x080009f3   Thumb Code     0  startup_stm32f10x_hd.o(.text)
    DMA2_Channel3_IRQHandler                 0x080009f3   Thumb Code     0  startup_stm32f10x_hd.o(.text)
    DMA2_Channel4_5_IRQHandler               0x080009f3   Thumb Code     0  startup_stm32f10x_hd.o(.text)
    EXTI0_IRQHandler                         0x080009f3   Thumb Code     0  startup_stm32f10x_hd.o(.text)
    EXTI15_10_IRQHandler                     0x080009f3   Thumb Code     0  startup_stm32f10x_hd.o(.text)
    EXTI1_IRQHandler                         0x080009f3   Thumb Code     0  startup_stm32f10x_hd.o(.text)
    EXTI2_IRQHandler                         0x080009f3   Thumb Code     0  startup_stm32f10x_hd.o(.text)
    EXTI3_IRQHandler                         0x080009f3   Thumb Code     0  startup_stm32f10x_hd.o(.text)
    EXTI4_IRQHandler                         0x080009f3   Thumb Code     0  startup_stm32f10x_hd.o(.text)
    EXTI9_5_IRQHandler                       0x080009f3   Thumb Code     0  startup_stm32f10x_hd.o(.text)
    FLASH_IRQHandler                         0x080009f3   Thumb Code     0  startup_stm32f10x_hd.o(.text)
    FSMC_IRQHandler                          0x080009f3   Thumb Code     0  startup_stm32f10x_hd.o(.text)
    I2C1_ER_IRQHandler                       0x080009f3   Thumb Code     0  startup_stm32f10x_hd.o(.text)
    I2C1_EV_IRQHandler                       0x080009f3   Thumb Code     0  startup_stm32f10x_hd.o(.text)
    I2C2_ER_IRQHandler                       0x080009f3   Thumb Code     0  startup_stm32f10x_hd.o(.text)
    I2C2_EV_IRQHandler                       0x080009f3   Thumb Code     0  startup_stm32f10x_hd.o(.text)
    PVD_IRQHandler                           0x080009f3   Thumb Code     0  startup_stm32f10x_hd.o(.text)
    RCC_IRQHandler                           0x080009f3   Thumb Code     0  startup_stm32f10x_hd.o(.text)
    RTCAlarm_IRQHandler                      0x080009f3   Thumb Code     0  startup_stm32f10x_hd.o(.text)
    RTC_IRQHandler                           0x080009f3   Thumb Code     0  startup_stm32f10x_hd.o(.text)
    SDIO_IRQHandler                          0x080009f3   Thumb Code     0  startup_stm32f10x_hd.o(.text)
    SPI1_IRQHandler                          0x080009f3   Thumb Code     0  startup_stm32f10x_hd.o(.text)
    SPI2_IRQHandler                          0x080009f3   Thumb Code     0  startup_stm32f10x_hd.o(.text)
    SPI3_IRQHandler                          0x080009f3   Thumb Code     0  startup_stm32f10x_hd.o(.text)
    TAMPER_IRQHandler                        0x080009f3   Thumb Code     0  startup_stm32f10x_hd.o(.text)
    TIM1_BRK_IRQHandler                      0x080009f3   Thumb Code     0  startup_stm32f10x_hd.o(.text)
    TIM1_CC_IRQHandler                       0x080009f3   Thumb Code     0  startup_stm32f10x_hd.o(.text)
    TIM1_TRG_COM_IRQHandler                  0x080009f3   Thumb Code     0  startup_stm32f10x_hd.o(.text)
    TIM1_UP_IRQHandler                       0x080009f3   Thumb Code     0  startup_stm32f10x_hd.o(.text)
    TIM2_IRQHandler                          0x080009f3   Thumb Code     0  startup_stm32f10x_hd.o(.text)
    TIM4_IRQHandler                          0x080009f3   Thumb Code     0  startup_stm32f10x_hd.o(.text)
    TIM5_IRQHandler                          0x080009f3   Thumb Code     0  startup_stm32f10x_hd.o(.text)
    TIM6_IRQHandler                          0x080009f3   Thumb Code     0  startup_stm32f10x_hd.o(.text)
    TIM7_IRQHandler                          0x080009f3   Thumb Code     0  startup_stm32f10x_hd.o(.text)
    TIM8_BRK_IRQHandler                      0x080009f3   Thumb Code     0  startup_stm32f10x_hd.o(.text)
    TIM8_CC_IRQHandler                       0x080009f3   Thumb Code     0  startup_stm32f10x_hd.o(.text)
    TIM8_TRG_COM_IRQHandler                  0x080009f3   Thumb Code     0  startup_stm32f10x_hd.o(.text)
    TIM8_UP_IRQHandler                       0x080009f3   Thumb Code     0  startup_stm32f10x_hd.o(.text)
    UART4_IRQHandler                         0x080009f3   Thumb Code     0  startup_stm32f10x_hd.o(.text)
    UART5_IRQHandler                         0x080009f3   Thumb Code     0  startup_stm32f10x_hd.o(.text)
    USART2_IRQHandler                        0x080009f3   Thumb Code     0  startup_stm32f10x_hd.o(.text)
    USBWakeUp_IRQHandler                     0x080009f3   Thumb Code     0  startup_stm32f10x_hd.o(.text)
    USB_HP_CAN1_TX_IRQHandler                0x080009f3   Thumb Code     0  startup_stm32f10x_hd.o(.text)
    USB_LP_CAN1_RX0_IRQHandler               0x080009f3   Thumb Code     0  startup_stm32f10x_hd.o(.text)
    WWDG_IRQHandler                          0x080009f3   Thumb Code     0  startup_stm32f10x_hd.o(.text)
    __user_initial_stackheap                 0x080009f5   Thumb Code     0  startup_stm32f10x_hd.o(.text)
    NVIC_PriorityGroupConfig                 0x08000a19   Thumb Code    10  misc.o(.text)
    NVIC_Init                                0x08000a23   Thumb Code   100  misc.o(.text)
    NVIC_SetVectorTable                      0x08000a87   Thumb Code    14  misc.o(.text)
    NVIC_SystemLPConfig                      0x08000a95   Thumb Code    34  misc.o(.text)
    SysTick_CLKSourceConfig                  0x08000ab7   Thumb Code    40  misc.o(.text)
    GPIO_DeInit                              0x08000af5   Thumb Code   172  stm32f10x_gpio.o(.text)
    GPIO_AFIODeInit                          0x08000ba1   Thumb Code    20  stm32f10x_gpio.o(.text)
    GPIO_Init                                0x08000bb5   Thumb Code   278  stm32f10x_gpio.o(.text)
    GPIO_StructInit                          0x08000ccb   Thumb Code    16  stm32f10x_gpio.o(.text)
    GPIO_ReadInputDataBit                    0x08000cdb   Thumb Code    18  stm32f10x_gpio.o(.text)
    GPIO_ReadInputData                       0x08000ced   Thumb Code     8  stm32f10x_gpio.o(.text)
    GPIO_ReadOutputDataBit                   0x08000cf5   Thumb Code    18  stm32f10x_gpio.o(.text)
    GPIO_ReadOutputData                      0x08000d07   Thumb Code     8  stm32f10x_gpio.o(.text)
    GPIO_SetBits                             0x08000d0f   Thumb Code     4  stm32f10x_gpio.o(.text)
    GPIO_ResetBits                           0x08000d13   Thumb Code     4  stm32f10x_gpio.o(.text)
    GPIO_WriteBit                            0x08000d17   Thumb Code    10  stm32f10x_gpio.o(.text)
    GPIO_Write                               0x08000d21   Thumb Code     4  stm32f10x_gpio.o(.text)
    GPIO_PinLockConfig                       0x08000d25   Thumb Code    18  stm32f10x_gpio.o(.text)
    GPIO_EventOutputConfig                   0x08000d37   Thumb Code    26  stm32f10x_gpio.o(.text)
    GPIO_EventOutputCmd                      0x08000d51   Thumb Code     6  stm32f10x_gpio.o(.text)
    GPIO_PinRemapConfig                      0x08000d57   Thumb Code   138  stm32f10x_gpio.o(.text)
    GPIO_EXTILineConfig                      0x08000de1   Thumb Code    66  stm32f10x_gpio.o(.text)
    GPIO_ETH_MediaInterfaceConfig            0x08000e23   Thumb Code     8  stm32f10x_gpio.o(.text)
    RCC_DeInit                               0x08000e51   Thumb Code    64  stm32f10x_rcc.o(.text)
    RCC_HSEConfig                            0x08000e91   Thumb Code    70  stm32f10x_rcc.o(.text)
    RCC_GetFlagStatus                        0x08000ed7   Thumb Code    56  stm32f10x_rcc.o(.text)
    RCC_WaitForHSEStartUp                    0x08000f0f   Thumb Code    56  stm32f10x_rcc.o(.text)
    RCC_AdjustHSICalibrationValue            0x08000f47   Thumb Code    20  stm32f10x_rcc.o(.text)
    RCC_HSICmd                               0x08000f5b   Thumb Code     6  stm32f10x_rcc.o(.text)
    RCC_PLLConfig                            0x08000f61   Thumb Code    24  stm32f10x_rcc.o(.text)
    RCC_PLLCmd                               0x08000f79   Thumb Code     6  stm32f10x_rcc.o(.text)
    RCC_SYSCLKConfig                         0x08000f7f   Thumb Code    18  stm32f10x_rcc.o(.text)
    RCC_GetSYSCLKSource                      0x08000f91   Thumb Code    10  stm32f10x_rcc.o(.text)
    RCC_HCLKConfig                           0x08000f9b   Thumb Code    18  stm32f10x_rcc.o(.text)
    RCC_PCLK1Config                          0x08000fad   Thumb Code    18  stm32f10x_rcc.o(.text)
    RCC_PCLK2Config                          0x08000fbf   Thumb Code    20  stm32f10x_rcc.o(.text)
    RCC_ITConfig                             0x08000fd3   Thumb Code    26  stm32f10x_rcc.o(.text)
    RCC_USBCLKConfig                         0x08000fed   Thumb Code     8  stm32f10x_rcc.o(.text)
    RCC_ADCCLKConfig                         0x08000ff5   Thumb Code    18  stm32f10x_rcc.o(.text)
    RCC_LSEConfig                            0x08001007   Thumb Code    50  stm32f10x_rcc.o(.text)
    RCC_LSICmd                               0x08001039   Thumb Code     6  stm32f10x_rcc.o(.text)
    RCC_RTCCLKConfig                         0x0800103f   Thumb Code    12  stm32f10x_rcc.o(.text)
    RCC_RTCCLKCmd                            0x0800104b   Thumb Code     8  stm32f10x_rcc.o(.text)
    RCC_GetClocksFreq                        0x08001053   Thumb Code   192  stm32f10x_rcc.o(.text)
    RCC_AHBPeriphClockCmd                    0x08001113   Thumb Code    26  stm32f10x_rcc.o(.text)
    RCC_APB2PeriphClockCmd                   0x0800112d   Thumb Code    26  stm32f10x_rcc.o(.text)
    RCC_APB1PeriphClockCmd                   0x08001147   Thumb Code    26  stm32f10x_rcc.o(.text)
    RCC_APB2PeriphResetCmd                   0x08001161   Thumb Code    26  stm32f10x_rcc.o(.text)
    RCC_APB1PeriphResetCmd                   0x0800117b   Thumb Code    26  stm32f10x_rcc.o(.text)
    RCC_BackupResetCmd                       0x08001195   Thumb Code     8  stm32f10x_rcc.o(.text)
    RCC_ClockSecuritySystemCmd               0x0800119d   Thumb Code     6  stm32f10x_rcc.o(.text)
    RCC_MCOConfig                            0x080011a3   Thumb Code     6  stm32f10x_rcc.o(.text)
    RCC_ClearFlag                            0x080011a9   Thumb Code    14  stm32f10x_rcc.o(.text)
    RCC_GetITStatus                          0x080011b7   Thumb Code    20  stm32f10x_rcc.o(.text)
    RCC_ClearITPendingBit                    0x080011cb   Thumb Code     6  stm32f10x_rcc.o(.text)
    TIM_DeInit                               0x080011f5   Thumb Code   424  stm32f10x_tim.o(.text)
    TIM_TimeBaseInit                         0x0800139d   Thumb Code   122  stm32f10x_tim.o(.text)
    TIM_OC1Init                              0x08001417   Thumb Code   132  stm32f10x_tim.o(.text)
    TIM_OC2Init                              0x0800149b   Thumb Code   154  stm32f10x_tim.o(.text)
    TIM_OC3Init                              0x08001535   Thumb Code   150  stm32f10x_tim.o(.text)
    TIM_OC4Init                              0x080015cb   Thumb Code   182  stm32f10x_tim.o(.text)
    TIM_SetIC4Prescaler                      0x08001681   Thumb Code    26  stm32f10x_tim.o(.text)
    TIM_SetIC3Prescaler                      0x0800171d   Thumb Code    18  stm32f10x_tim.o(.text)
    TIM_SetIC2Prescaler                      0x080017a9   Thumb Code    26  stm32f10x_tim.o(.text)
    TIM_SetIC1Prescaler                      0x08001845   Thumb Code    18  stm32f10x_tim.o(.text)
    TIM_ICInit                               0x080018c3   Thumb Code   150  stm32f10x_tim.o(.text)
    TIM_PWMIConfig                           0x08001959   Thumb Code   124  stm32f10x_tim.o(.text)
    TIM_BDTRConfig                           0x080019d5   Thumb Code    32  stm32f10x_tim.o(.text)
    TIM_TimeBaseStructInit                   0x080019f5   Thumb Code    18  stm32f10x_tim.o(.text)
    TIM_OCStructInit                         0x08001a07   Thumb Code    20  stm32f10x_tim.o(.text)
    TIM_ICStructInit                         0x08001a1b   Thumb Code    18  stm32f10x_tim.o(.text)
    TIM_BDTRStructInit                       0x08001a2d   Thumb Code    40  stm32f10x_tim.o(.text)
    TIM_Cmd                                  0x08001a55   Thumb Code    24  stm32f10x_tim.o(.text)
    TIM_CtrlPWMOutputs                       0x08001a6d   Thumb Code    30  stm32f10x_tim.o(.text)
    TIM_ITConfig                             0x08001a8b   Thumb Code    18  stm32f10x_tim.o(.text)
    TIM_GenerateEvent                        0x08001a9d   Thumb Code     4  stm32f10x_tim.o(.text)
    TIM_DMAConfig                            0x08001aa1   Thumb Code    10  stm32f10x_tim.o(.text)
    TIM_DMACmd                               0x08001aab   Thumb Code    18  stm32f10x_tim.o(.text)
    TIM_InternalClockConfig                  0x08001abd   Thumb Code    12  stm32f10x_tim.o(.text)
    TIM_SelectInputTrigger                   0x08001ac9   Thumb Code    18  stm32f10x_tim.o(.text)
    TIM_ITRxExternalClockConfig              0x08001adb   Thumb Code    24  stm32f10x_tim.o(.text)
    TIM_TIxExternalClockConfig               0x08001af3   Thumb Code    62  stm32f10x_tim.o(.text)
    TIM_ETRConfig                            0x08001b31   Thumb Code    28  stm32f10x_tim.o(.text)
    TIM_ETRClockMode1Config                  0x08001b4d   Thumb Code    54  stm32f10x_tim.o(.text)
    TIM_ETRClockMode2Config                  0x08001b83   Thumb Code    32  stm32f10x_tim.o(.text)
    TIM_PrescalerConfig                      0x08001ba3   Thumb Code     6  stm32f10x_tim.o(.text)
    TIM_CounterModeConfig                    0x08001ba9   Thumb Code    18  stm32f10x_tim.o(.text)
    TIM_EncoderInterfaceConfig               0x08001bbb   Thumb Code    66  stm32f10x_tim.o(.text)
    TIM_ForcedOC1Config                      0x08001bfd   Thumb Code    18  stm32f10x_tim.o(.text)
    TIM_ForcedOC2Config                      0x08001c0f   Thumb Code    26  stm32f10x_tim.o(.text)
    TIM_ForcedOC3Config                      0x08001c29   Thumb Code    18  stm32f10x_tim.o(.text)
    TIM_ForcedOC4Config                      0x08001c3b   Thumb Code    26  stm32f10x_tim.o(.text)
    TIM_ARRPreloadConfig                     0x08001c55   Thumb Code    24  stm32f10x_tim.o(.text)
    TIM_SelectCOM                            0x08001c6d   Thumb Code    24  stm32f10x_tim.o(.text)
    TIM_SelectCCDMA                          0x08001c85   Thumb Code    24  stm32f10x_tim.o(.text)
    TIM_CCPreloadControl                     0x08001c9d   Thumb Code    24  stm32f10x_tim.o(.text)
    TIM_OC1PreloadConfig                     0x08001cb5   Thumb Code    18  stm32f10x_tim.o(.text)
    TIM_OC2PreloadConfig                     0x08001cc7   Thumb Code    26  stm32f10x_tim.o(.text)
    TIM_OC3PreloadConfig                     0x08001ce1   Thumb Code    18  stm32f10x_tim.o(.text)
    TIM_OC4PreloadConfig                     0x08001cf3   Thumb Code    26  stm32f10x_tim.o(.text)
    TIM_OC1FastConfig                        0x08001d0d   Thumb Code    18  stm32f10x_tim.o(.text)
    TIM_OC2FastConfig                        0x08001d1f   Thumb Code    26  stm32f10x_tim.o(.text)
    TIM_OC3FastConfig                        0x08001d39   Thumb Code    18  stm32f10x_tim.o(.text)
    TIM_OC4FastConfig                        0x08001d4b   Thumb Code    26  stm32f10x_tim.o(.text)
    TIM_ClearOC1Ref                          0x08001d65   Thumb Code    18  stm32f10x_tim.o(.text)
    TIM_ClearOC2Ref                          0x08001d77   Thumb Code    24  stm32f10x_tim.o(.text)
    TIM_ClearOC3Ref                          0x08001d8f   Thumb Code    18  stm32f10x_tim.o(.text)
    TIM_ClearOC4Ref                          0x08001da1   Thumb Code    24  stm32f10x_tim.o(.text)
    TIM_OC1PolarityConfig                    0x08001db9   Thumb Code    18  stm32f10x_tim.o(.text)
    TIM_OC1NPolarityConfig                   0x08001dcb   Thumb Code    18  stm32f10x_tim.o(.text)
    TIM_OC2PolarityConfig                    0x08001ddd   Thumb Code    26  stm32f10x_tim.o(.text)
    TIM_OC2NPolarityConfig                   0x08001df7   Thumb Code    26  stm32f10x_tim.o(.text)
    TIM_OC3PolarityConfig                    0x08001e11   Thumb Code    26  stm32f10x_tim.o(.text)
    TIM_OC3NPolarityConfig                   0x08001e2b   Thumb Code    26  stm32f10x_tim.o(.text)
    TIM_OC4PolarityConfig                    0x08001e45   Thumb Code    26  stm32f10x_tim.o(.text)
    TIM_CCxCmd                               0x08001e5f   Thumb Code    30  stm32f10x_tim.o(.text)
    TIM_CCxNCmd                              0x08001e7d   Thumb Code    30  stm32f10x_tim.o(.text)
    TIM_SelectOCxM                           0x08001e9b   Thumb Code    82  stm32f10x_tim.o(.text)
    TIM_UpdateDisableConfig                  0x08001eed   Thumb Code    24  stm32f10x_tim.o(.text)
    TIM_UpdateRequestConfig                  0x08001f05   Thumb Code    24  stm32f10x_tim.o(.text)
    TIM_SelectHallSensor                     0x08001f1d   Thumb Code    24  stm32f10x_tim.o(.text)
    TIM_SelectOnePulseMode                   0x08001f35   Thumb Code    18  stm32f10x_tim.o(.text)
    TIM_SelectOutputTrigger                  0x08001f47   Thumb Code    18  stm32f10x_tim.o(.text)
    TIM_SelectSlaveMode                      0x08001f59   Thumb Code    18  stm32f10x_tim.o(.text)
    TIM_SelectMasterSlaveMode                0x08001f6b   Thumb Code    18  stm32f10x_tim.o(.text)
    TIM_SetCounter                           0x08001f7d   Thumb Code     4  stm32f10x_tim.o(.text)
    TIM_SetAutoreload                        0x08001f81   Thumb Code     4  stm32f10x_tim.o(.text)
    TIM_SetCompare1                          0x08001f85   Thumb Code     4  stm32f10x_tim.o(.text)
    TIM_SetCompare2                          0x08001f89   Thumb Code     4  stm32f10x_tim.o(.text)
    TIM_SetCompare3                          0x08001f8d   Thumb Code     4  stm32f10x_tim.o(.text)
    TIM_SetCompare4                          0x08001f91   Thumb Code     6  stm32f10x_tim.o(.text)
    TIM_SetClockDivision                     0x08001f97   Thumb Code    18  stm32f10x_tim.o(.text)
    TIM_GetCapture1                          0x08001fa9   Thumb Code     6  stm32f10x_tim.o(.text)
    TIM_GetCapture2                          0x08001faf   Thumb Code     6  stm32f10x_tim.o(.text)
    TIM_GetCapture3                          0x08001fb5   Thumb Code     6  stm32f10x_tim.o(.text)
    TIM_GetCapture4                          0x08001fbb   Thumb Code     8  stm32f10x_tim.o(.text)
    TIM_GetCounter                           0x08001fc3   Thumb Code     6  stm32f10x_tim.o(.text)
    TIM_GetPrescaler                         0x08001fc9   Thumb Code     6  stm32f10x_tim.o(.text)
    TIM_GetFlagStatus                        0x08001fcf   Thumb Code    18  stm32f10x_tim.o(.text)
    TIM_ClearFlag                            0x08001fe1   Thumb Code     6  stm32f10x_tim.o(.text)
    TIM_GetITStatus                          0x08001fe7   Thumb Code    34  stm32f10x_tim.o(.text)
    TIM_ClearITPendingBit                    0x08002009   Thumb Code     6  stm32f10x_tim.o(.text)
    USART_DeInit                             0x08002011   Thumb Code   134  stm32f10x_usart.o(.text)
    USART_Init                               0x08002097   Thumb Code   210  stm32f10x_usart.o(.text)
    USART_StructInit                         0x08002169   Thumb Code    24  stm32f10x_usart.o(.text)
    USART_ClockInit                          0x08002181   Thumb Code    34  stm32f10x_usart.o(.text)
    USART_ClockStructInit                    0x080021a3   Thumb Code    12  stm32f10x_usart.o(.text)
    USART_Cmd                                0x080021af   Thumb Code    24  stm32f10x_usart.o(.text)
    USART_ITConfig                           0x080021c7   Thumb Code    74  stm32f10x_usart.o(.text)
    USART_DMACmd                             0x08002211   Thumb Code    18  stm32f10x_usart.o(.text)
    USART_SetAddress                         0x08002223   Thumb Code    18  stm32f10x_usart.o(.text)
    USART_WakeUpConfig                       0x08002235   Thumb Code    18  stm32f10x_usart.o(.text)
    USART_ReceiverWakeUpCmd                  0x08002247   Thumb Code    24  stm32f10x_usart.o(.text)
    USART_LINBreakDetectLengthConfig         0x0800225f   Thumb Code    18  stm32f10x_usart.o(.text)
    USART_LINCmd                             0x08002271   Thumb Code    24  stm32f10x_usart.o(.text)
    USART_SendData                           0x08002289   Thumb Code     8  stm32f10x_usart.o(.text)
    USART_ReceiveData                        0x08002291   Thumb Code    10  stm32f10x_usart.o(.text)
    USART_SendBreak                          0x0800229b   Thumb Code    10  stm32f10x_usart.o(.text)
    USART_SetGuardTime                       0x080022a5   Thumb Code    16  stm32f10x_usart.o(.text)
    USART_SetPrescaler                       0x080022b5   Thumb Code    16  stm32f10x_usart.o(.text)
    USART_SmartCardCmd                       0x080022c5   Thumb Code    24  stm32f10x_usart.o(.text)
    USART_SmartCardNACKCmd                   0x080022dd   Thumb Code    24  stm32f10x_usart.o(.text)
    USART_HalfDuplexCmd                      0x080022f5   Thumb Code    24  stm32f10x_usart.o(.text)
    USART_OverSampling8Cmd                   0x0800230d   Thumb Code    22  stm32f10x_usart.o(.text)
    USART_OneBitMethodCmd                    0x08002323   Thumb Code    24  stm32f10x_usart.o(.text)
    USART_IrDAConfig                         0x0800233b   Thumb Code    18  stm32f10x_usart.o(.text)
    USART_IrDACmd                            0x0800234d   Thumb Code    24  stm32f10x_usart.o(.text)
    USART_GetFlagStatus                      0x08002365   Thumb Code    26  stm32f10x_usart.o(.text)
    USART_ClearFlag                          0x0800237f   Thumb Code    18  stm32f10x_usart.o(.text)
    USART_GetITStatus                        0x08002391   Thumb Code    84  stm32f10x_usart.o(.text)
    USART_ClearITPendingBit                  0x080023e5   Thumb Code    52  stm32f10x_usart.o(.text)
    gizwitsEventProcess                      0x08002419   Thumb Code   224  gizwits_product.o(.text)
    userInit                                 0x080024f9   Thumb Code     8  gizwits_product.o(.text)
    gizTimerMs                               0x08002501   Thumb Code    12  gizwits_product.o(.text)
    gizGetTimerCount                         0x0800250d   Thumb Code     6  gizwits_product.o(.text)
    mcuRestart                               0x08002513   Thumb Code    38  gizwits_product.o(.text)
    uartWrite                                0x08002539   Thumb Code   146  gizwits_product.o(.text)
    gizPutData                               0x080026a9   Thumb Code    52  gizwits_protocol.o(.text)
    calculateDynamicBitPartLen               0x08002745   Thumb Code    40  gizwits_protocol.o(.text)
    gizwitsInit                              0x080038dd   Thumb Code    44  gizwits_protocol.o(.text)
    gizwitsSetMode                           0x08003909   Thumb Code   604  gizwits_protocol.o(.text)
    gizwitsGetNTP                            0x08003b65   Thumb Code   340  gizwits_protocol.o(.text)
    gizwitsGetModuleInfo                     0x08003cb9   Thumb Code   100  gizwits_protocol.o(.text)
    gizwitsHandle                            0x08003d61   Thumb Code   594  gizwits_protocol.o(.text)
    gizwitsPassthroughData                   0x08003fb3   Thumb Code   168  gizwits_protocol.o(.text)
    gizProtocolSum                           0x080041c9   Thumb Code    38  common.o(.text)
    exchangeBytes                            0x080041ef   Thumb Code    26  common.o(.text)
    exchangeWord                             0x08004209   Thumb Code    26  common.o(.text)
    char2hex                                 0x08004223   Thumb Code   108  common.o(.text)
    checkStringIsNotZero                     0x0800428f   Thumb Code    46  common.o(.text)
    returnWeekDay                            0x080042bd   Thumb Code   156  common.o(.text)
    returnNtp2Wt                             0x080043a5   Thumb Code   274  common.o(.text)
    str2Hex                                  0x080044b7   Thumb Code    80  common.o(.text)
    hex2Str                                  0x08004507   Thumb Code    82  common.o(.text)
    gizByteOrderExchange                     0x08004561   Thumb Code    50  datapointtools.o(.text)
    gizY2X                                   0x08004593   Thumb Code    14  datapointtools.o(.text)
    gizX2Y                                   0x080045a1   Thumb Code    12  datapointtools.o(.text)
    gizY2XFloat                              0x080045ad   Thumb Code    42  datapointtools.o(.text)
    gizX2YFloat                              0x080045d7   Thumb Code    42  datapointtools.o(.text)
    gizAcrossByteJudge                       0x08004601   Thumb Code    42  datapointtools.o(.text)
    gizVarlenCompressValue                   0x0800462b   Thumb Code   124  datapointtools.o(.text)
    gizVarlenDecompressionValue              0x080046a7   Thumb Code   196  datapointtools.o(.text)
    gizStandardDecompressionValue            0x0800476b   Thumb Code   194  datapointtools.o(.text)
    gizStandardCompressValue                 0x0800482d   Thumb Code   128  datapointtools.o(.text)
    rbCreate                                 0x080048ad   Thumb Code    22  ringbuffer.o(.text)
    rbDelete                                 0x080048c3   Thumb Code    24  ringbuffer.o(.text)
    rbCapacity                               0x080048db   Thumb Code    14  ringbuffer.o(.text)
    rbCanRead                                0x080048e9   Thumb Code    56  ringbuffer.o(.text)
    rbCanWrite                               0x08004921   Thumb Code    30  ringbuffer.o(.text)
    rbRead                                   0x0800493f   Thumb Code   162  ringbuffer.o(.text)
    rbWrite                                  0x080049e1   Thumb Code   154  ringbuffer.o(.text)
    __use_no_semihosting                     0x08004a7b   Thumb Code     2  use_no_semi_2.o(.text)
    free                                     0x08004a7d   Thumb Code    78  h1_free.o(.text)
    toupper                                  0x08004acb   Thumb Code    30  toupper.o(.text)
    __2printf                                0x08004ae9   Thumb Code    20  noretval__2printf.o(.text)
    _printf_pre_padding                      0x08004b01   Thumb Code    44  _printf_pad.o(.text)
    _printf_post_padding                     0x08004b2d   Thumb Code    34  _printf_pad.o(.text)
    _printf_int_dec                          0x08004b51   Thumb Code   104  _printf_dec.o(.text)
    _printf_int_hex                          0x08004bc9   Thumb Code    84  _printf_hex_int.o(.text)
    _printf_longlong_hex                     0x08004bc9   Thumb Code     0  _printf_hex_int.o(.text)
    __printf                                 0x08004c21   Thumb Code   308  __printf_flags_wp.o(.text)
    strlen                                   0x08004d59   Thumb Code    62  strlen.o(.text)
    __aeabi_memcpy                           0x08004d97   Thumb Code     0  rt_memcpy_v6.o(.text)
    __rt_memcpy                              0x08004d97   Thumb Code   138  rt_memcpy_v6.o(.text)
    _memcpy_lastbytes                        0x08004dfd   Thumb Code     0  rt_memcpy_v6.o(.text)
    __aeabi_memcpy4                          0x08004e21   Thumb Code     0  rt_memcpy_w.o(.text)
    __aeabi_memcpy8                          0x08004e21   Thumb Code     0  rt_memcpy_w.o(.text)
    __rt_memcpy_w                            0x08004e21   Thumb Code   100  rt_memcpy_w.o(.text)
    _memcpy_lastbytes_aligned                0x08004e69   Thumb Code     0  rt_memcpy_w.o(.text)
    __aeabi_memset                           0x08004e85   Thumb Code    16  aeabi_memset.o(.text)
    __aeabi_memclr                           0x08004e95   Thumb Code     0  rt_memclr.o(.text)
    __rt_memclr                              0x08004e95   Thumb Code    68  rt_memclr.o(.text)
    _memset                                  0x08004e99   Thumb Code     0  rt_memclr.o(.text)
    __use_two_region_memory                  0x08004ed9   Thumb Code     2  heapauxi.o(.text)
    __rt_heap_escrow                         0x08004edb   Thumb Code     2  heapauxi.o(.text)
    __rt_heap_expand                         0x08004edd   Thumb Code     2  heapauxi.o(.text)
    __I$use$semihosting                      0x08004edf   Thumb Code     0  use_no_semi.o(.text)
    __use_no_semihosting_swi                 0x08004edf   Thumb Code     2  use_no_semi.o(.text)
    __rt_ctype_table                         0x08004ee1   Thumb Code    16  rt_ctype_table.o(.text)
    __rt_heap_descriptor                     0x08004ef1   Thumb Code     8  rt_heap_descriptor_intlibspace.o(.text)
    _printf_int_common                       0x08004ef9   Thumb Code   178  _printf_intcommon.o(.text)
    _printf_char_file                        0x08004fad   Thumb Code    32  _printf_char_file.o(.text)
    __aeabi_memclr4                          0x08004fd1   Thumb Code     0  rt_memclr_w.o(.text)
    __aeabi_memclr8                          0x08004fd1   Thumb Code     0  rt_memclr_w.o(.text)
    __rt_memclr_w                            0x08004fd1   Thumb Code    78  rt_memclr_w.o(.text)
    _memset_w                                0x08004fd5   Thumb Code     0  rt_memclr_w.o(.text)
    __user_libspace                          0x08005021   Thumb Code     8  libspace.o(.text)
    __user_perproc_libspace                  0x08005021   Thumb Code     0  libspace.o(.text)
    __user_perthread_libspace                0x08005021   Thumb Code     0  libspace.o(.text)
    __rt_locale                              0x08005029   Thumb Code     8  rt_locale_intlibspace.o(.text)
    _printf_char_common                      0x0800503b   Thumb Code    32  _printf_char_common.o(.text)
    ferror                                   0x08005061   Thumb Code     8  ferror.o(.text)
    __user_setup_stackheap                   0x08005069   Thumb Code    74  sys_stackheap_outer.o(.text)
    exit                                     0x080050b3   Thumb Code    12  exit.o(.text)
    strcmp                                   0x080050c1   Thumb Code   128  strcmpv7m.o(.text)
    _is_digit                                0x08005141   Thumb Code    14  __printf_wp.o(i._is_digit)
    _get_lc_ctype                            0x08005151   Thumb Code    44  lc_ctype_c.o(locale$$code)
    __aeabi_fadd                             0x0800517d   Thumb Code     0  faddsub_clz.o(x$fpl$fadd)
    _fadd                                    0x0800517d   Thumb Code   196  faddsub_clz.o(x$fpl$fadd)
    __aeabi_fdiv                             0x08005241   Thumb Code     0  fdiv.o(x$fpl$fdiv)
    _fdiv                                    0x08005241   Thumb Code   384  fdiv.o(x$fpl$fdiv)
    __aeabi_f2uiz                            0x080053c5   Thumb Code     0  ffixu.o(x$fpl$ffixu)
    _ffixu                                   0x080053c5   Thumb Code    62  ffixu.o(x$fpl$ffixu)
    __aeabi_ui2f                             0x08005405   Thumb Code     0  fflt_clz.o(x$fpl$ffltu)
    _ffltu                                   0x08005405   Thumb Code    38  fflt_clz.o(x$fpl$ffltu)
    __aeabi_fmul                             0x0800542d   Thumb Code     0  fmul.o(x$fpl$fmul)
    _fmul                                    0x0800542d   Thumb Code   258  fmul.o(x$fpl$fmul)
    __fpl_fnaninf                            0x0800552f   Thumb Code   140  fnaninf.o(x$fpl$fnaninf)
    __fpl_fretinf                            0x080055bb   Thumb Code    10  fretinf.o(x$fpl$fretinf)
    __aeabi_fsub                             0x080055c5   Thumb Code     0  faddsub_clz.o(x$fpl$fsub)
    _fsub                                    0x080055c5   Thumb Code   234  faddsub_clz.o(x$fpl$fsub)
    __I$use$fp                               0x080056ae   Number         0  usenofp.o(x$fpl$usenofp)
    Region$$Table$$Base                      0x0800571c   Number         0  anon$$obj.o(Region$$Table)
    Region$$Table$$Limit                     0x0800573c   Number         0  anon$$obj.o(Region$$Table)
    __ctype                                  0x08005749   Data           0  lc_ctype_c.o(locale$$data)
    currentDataPoint                         0x20000000   Data           1  main.o(.data)
    SystemCoreClock                          0x20000004   Data           4  system_stm32f10x.o(.data)
    AHBPrescTable                            0x20000008   Data          16  system_stm32f10x.o(.data)
    __stdout                                 0x20000020   Data           4  usart.o(.data)
    USART_RX_STA                             0x20000024   Data           2  usart.o(.data)
    aRxBuffer                                0x20000040   Data           1  gizwits_product.o(.data)
    USART_RX_BUF                             0x20000054   Data         200  usart.o(.bss)
    gizwitsProtocol                          0x2000011c   Data         250  gizwits_protocol.o(.bss)
    pRb                                      0x20000216   Data          16  gizwits_protocol.o(.bss)
    __libspace_start                         0x20000254   Data          96  libspace.o(.bss)
    __temporary_stack_top$libspace           0x200002b4   Data           0  libspace.o(.bss)



==============================================================================

Memory Map of the image

  Image Entry point : 0x08000131

  Load Region LR_IROM1 (Base: 0x08000000, Size: 0x000058a0, Max: 0x00080000, ABSOLUTE)

    Execution Region ER_IROM1 (Base: 0x08000000, Size: 0x0000584c, Max: 0x00080000, ABSOLUTE)

    Base Addr    Size         Type   Attr      Idx    E Section Name        Object

    0x08000000   0x00000130   Data   RO          329    RESET               startup_stm32f10x_hd.o
    0x08000130   0x00000008   Code   RO          603  * !!!main             c_w.l(__main.o)
    0x08000138   0x00000034   Code   RO          861    !!!scatter          c_w.l(__scatter.o)
    0x0800016c   0x0000001a   Code   RO          863    !!handler_copy      c_w.l(__scatter_copy.o)
    0x08000186   0x00000002   PAD
    0x08000188   0x0000001c   Code   RO          865    !!handler_zi        c_w.l(__scatter_zi.o)
    0x080001a4   0x00000000   Code   RO          590    .ARM.Collect$$_printf_percent$$00000000  c_w.l(_printf_percent.o)
    0x080001a4   0x00000006   Code   RO          589    .ARM.Collect$$_printf_percent$$00000009  c_w.l(_printf_d.o)
    0x080001aa   0x00000006   Code   RO          588    .ARM.Collect$$_printf_percent$$0000000C  c_w.l(_printf_x.o)
    0x080001b0   0x00000004   Code   RO          665    .ARM.Collect$$_printf_percent$$00000017  c_w.l(_printf_percent_end.o)
    0x080001b4   0x00000002   Code   RO          796    .ARM.Collect$$libinit$$00000000  c_w.l(libinit.o)
    0x080001b6   0x00000000   Code   RO          725    .ARM.Collect$$libinit$$00000002  c_w.l(libinit2.o)
    0x080001b6   0x00000000   Code   RO          727    .ARM.Collect$$libinit$$00000004  c_w.l(libinit2.o)
    0x080001b6   0x00000000   Code   RO          730    .ARM.Collect$$libinit$$0000000A  c_w.l(libinit2.o)
    0x080001b6   0x00000000   Code   RO          732    .ARM.Collect$$libinit$$0000000C  c_w.l(libinit2.o)
    0x080001b6   0x00000000   Code   RO          734    .ARM.Collect$$libinit$$0000000E  c_w.l(libinit2.o)
    0x080001b6   0x00000006   Code   RO          735    .ARM.Collect$$libinit$$0000000F  c_w.l(libinit2.o)
    0x080001bc   0x00000000   Code   RO          737    .ARM.Collect$$libinit$$00000011  c_w.l(libinit2.o)
    0x080001bc   0x0000000c   Code   RO          738    .ARM.Collect$$libinit$$00000012  c_w.l(libinit2.o)
    0x080001c8   0x00000000   Code   RO          739    .ARM.Collect$$libinit$$00000013  c_w.l(libinit2.o)
    0x080001c8   0x00000000   Code   RO          741    .ARM.Collect$$libinit$$00000015  c_w.l(libinit2.o)
    0x080001c8   0x00000000   Code   RO          743    .ARM.Collect$$libinit$$00000017  c_w.l(libinit2.o)
    0x080001c8   0x00000000   Code   RO          745    .ARM.Collect$$libinit$$00000019  c_w.l(libinit2.o)
    0x080001c8   0x00000000   Code   RO          747    .ARM.Collect$$libinit$$0000001B  c_w.l(libinit2.o)
    0x080001c8   0x00000000   Code   RO          749    .ARM.Collect$$libinit$$0000001D  c_w.l(libinit2.o)
    0x080001c8   0x00000000   Code   RO          751    .ARM.Collect$$libinit$$0000001F  c_w.l(libinit2.o)
    0x080001c8   0x00000000   Code   RO          753    .ARM.Collect$$libinit$$00000021  c_w.l(libinit2.o)
    0x080001c8   0x00000000   Code   RO          755    .ARM.Collect$$libinit$$00000023  c_w.l(libinit2.o)
    0x080001c8   0x00000000   Code   RO          757    .ARM.Collect$$libinit$$00000025  c_w.l(libinit2.o)
    0x080001c8   0x00000000   Code   RO          761    .ARM.Collect$$libinit$$0000002C  c_w.l(libinit2.o)
    0x080001c8   0x00000000   Code   RO          763    .ARM.Collect$$libinit$$0000002E  c_w.l(libinit2.o)
    0x080001c8   0x00000000   Code   RO          765    .ARM.Collect$$libinit$$00000030  c_w.l(libinit2.o)
    0x080001c8   0x00000000   Code   RO          767    .ARM.Collect$$libinit$$00000032  c_w.l(libinit2.o)
    0x080001c8   0x00000002   Code   RO          768    .ARM.Collect$$libinit$$00000033  c_w.l(libinit2.o)
    0x080001ca   0x00000002   Code   RO          858    .ARM.Collect$$libshutdown$$00000000  c_w.l(libshutdown.o)
    0x080001cc   0x00000000   Code   RO          816    .ARM.Collect$$libshutdown$$00000003  c_w.l(libshutdown2.o)
    0x080001cc   0x00000000   Code   RO          819    .ARM.Collect$$libshutdown$$00000006  c_w.l(libshutdown2.o)
    0x080001cc   0x00000000   Code   RO          822    .ARM.Collect$$libshutdown$$00000009  c_w.l(libshutdown2.o)
    0x080001cc   0x00000000   Code   RO          824    .ARM.Collect$$libshutdown$$0000000B  c_w.l(libshutdown2.o)
    0x080001cc   0x00000000   Code   RO          827    .ARM.Collect$$libshutdown$$0000000E  c_w.l(libshutdown2.o)
    0x080001cc   0x00000002   Code   RO          828    .ARM.Collect$$libshutdown$$0000000F  c_w.l(libshutdown2.o)
    0x080001ce   0x00000000   Code   RO          631    .ARM.Collect$$rtentry$$00000000  c_w.l(__rtentry.o)
    0x080001ce   0x00000000   Code   RO          677    .ARM.Collect$$rtentry$$00000002  c_w.l(__rtentry2.o)
    0x080001ce   0x00000006   Code   RO          689    .ARM.Collect$$rtentry$$00000004  c_w.l(__rtentry4.o)
    0x080001d4   0x00000000   Code   RO          679    .ARM.Collect$$rtentry$$00000009  c_w.l(__rtentry2.o)
    0x080001d4   0x00000004   Code   RO          680    .ARM.Collect$$rtentry$$0000000A  c_w.l(__rtentry2.o)
    0x080001d8   0x00000000   Code   RO          682    .ARM.Collect$$rtentry$$0000000C  c_w.l(__rtentry2.o)
    0x080001d8   0x00000008   Code   RO          683    .ARM.Collect$$rtentry$$0000000D  c_w.l(__rtentry2.o)
    0x080001e0   0x00000002   Code   RO          800    .ARM.Collect$$rtexit$$00000000  c_w.l(rtexit.o)
    0x080001e2   0x00000000   Code   RO          832    .ARM.Collect$$rtexit$$00000002  c_w.l(rtexit2.o)
    0x080001e2   0x00000004   Code   RO          833    .ARM.Collect$$rtexit$$00000003  c_w.l(rtexit2.o)
    0x080001e6   0x00000006   Code   RO          834    .ARM.Collect$$rtexit$$00000004  c_w.l(rtexit2.o)
    0x080001ec   0x0000014c   Code   RO            1    .text               main.o
    0x08000338   0x0000001a   Code   RO          151    .text               stm32f10x_it.o
    0x08000352   0x00000002   PAD
    0x08000354   0x000001e0   Code   RO          192    .text               system_stm32f10x.o
    0x08000534   0x0000004c   Code   RO          210    .text               led.o
    0x08000580   0x000000fc   Code   RO          222    .text               key.o
    0x0800067c   0x00000078   Code   RO          235    .text               timer.o
    0x080006f4   0x000000d0   Code   RO          251    .text               usart3.o
    0x080007c4   0x000000d4   Code   RO          263    .text               delay.o
    0x08000898   0x00000140   Code   RO          294    .text               usart.o
    0x080009d8   0x00000040   Code   RO          330    .text               startup_stm32f10x_hd.o
    0x08000a18   0x000000dc   Code   RO          334    .text               misc.o
    0x08000af4   0x0000035c   Code   RO          346    .text               stm32f10x_gpio.o
    0x08000e50   0x000003a4   Code   RO          358    .text               stm32f10x_rcc.o
    0x080011f4   0x00000e1a   Code   RO          372    .text               stm32f10x_tim.o
    0x0800200e   0x00000002   PAD
    0x08002010   0x00000408   Code   RO          384    .text               stm32f10x_usart.o
    0x08002418   0x00000290   Code   RO          396    .text               gizwits_product.o
    0x080026a8   0x00001b20   Code   RO          416    .text               gizwits_protocol.o
    0x080041c8   0x00000398   Code   RO          438    .text               common.o
    0x08004560   0x0000034c   Code   RO          451    .text               datapointtools.o
    0x080048ac   0x000001ce   Code   RO          463    .text               ringbuffer.o
    0x08004a7a   0x00000002   Code   RO          477    .text               c_w.l(use_no_semi_2.o)
    0x08004a7c   0x0000004e   Code   RO          481    .text               c_w.l(h1_free.o)
    0x08004aca   0x0000001e   Code   RO          535    .text               c_w.l(toupper.o)
    0x08004ae8   0x00000018   Code   RO          539    .text               c_w.l(noretval__2printf.o)
    0x08004b00   0x0000004e   Code   RO          543    .text               c_w.l(_printf_pad.o)
    0x08004b4e   0x00000002   PAD
    0x08004b50   0x00000078   Code   RO          545    .text               c_w.l(_printf_dec.o)
    0x08004bc8   0x00000058   Code   RO          550    .text               c_w.l(_printf_hex_int.o)
    0x08004c20   0x00000138   Code   RO          580    .text               c_w.l(__printf_flags_wp.o)
    0x08004d58   0x0000003e   Code   RO          591    .text               c_w.l(strlen.o)
    0x08004d96   0x0000008a   Code   RO          593    .text               c_w.l(rt_memcpy_v6.o)
    0x08004e20   0x00000064   Code   RO          595    .text               c_w.l(rt_memcpy_w.o)
    0x08004e84   0x00000010   Code   RO          597    .text               c_w.l(aeabi_memset.o)
    0x08004e94   0x00000044   Code   RO          599    .text               c_w.l(rt_memclr.o)
    0x08004ed8   0x00000006   Code   RO          601    .text               c_w.l(heapauxi.o)
    0x08004ede   0x00000002   Code   RO          627    .text               c_w.l(use_no_semi.o)
    0x08004ee0   0x00000010   Code   RO          632    .text               c_w.l(rt_ctype_table.o)
    0x08004ef0   0x00000008   Code   RO          637    .text               c_w.l(rt_heap_descriptor_intlibspace.o)
    0x08004ef8   0x000000b2   Code   RO          661    .text               c_w.l(_printf_intcommon.o)
    0x08004faa   0x00000002   PAD
    0x08004fac   0x00000024   Code   RO          663    .text               c_w.l(_printf_char_file.o)
    0x08004fd0   0x0000004e   Code   RO          666    .text               c_w.l(rt_memclr_w.o)
    0x0800501e   0x00000002   PAD
    0x08005020   0x00000008   Code   RO          673    .text               c_w.l(libspace.o)
    0x08005028   0x00000008   Code   RO          694    .text               c_w.l(rt_locale_intlibspace.o)
    0x08005030   0x00000030   Code   RO          706    .text               c_w.l(_printf_char_common.o)
    0x08005060   0x00000008   Code   RO          708    .text               c_w.l(ferror.o)
    0x08005068   0x0000004a   Code   RO          771    .text               c_w.l(sys_stackheap_outer.o)
    0x080050b2   0x0000000c   Code   RO          781    .text               c_w.l(exit.o)
    0x080050be   0x00000002   PAD
    0x080050c0   0x00000080   Code   RO          787    .text               c_w.l(strcmpv7m.o)
    0x08005140   0x0000000e   Code   RO          578    i._is_digit         c_w.l(__printf_wp.o)
    0x0800514e   0x00000002   PAD
    0x08005150   0x0000002c   Code   RO          713    locale$$code        c_w.l(lc_ctype_c.o)
    0x0800517c   0x000000c4   Code   RO          605    x$fpl$fadd          fz_ws.l(faddsub_clz.o)
    0x08005240   0x00000184   Code   RO          612    x$fpl$fdiv          fz_ws.l(fdiv.o)
    0x080053c4   0x0000003e   Code   RO          615    x$fpl$ffixu         fz_ws.l(ffixu.o)
    0x08005402   0x00000002   PAD
    0x08005404   0x00000026   Code   RO          619    x$fpl$ffltu         fz_ws.l(fflt_clz.o)
    0x0800542a   0x00000002   PAD
    0x0800542c   0x00000102   Code   RO          625    x$fpl$fmul          fz_ws.l(fmul.o)
    0x0800552e   0x0000008c   Code   RO          668    x$fpl$fnaninf       fz_ws.l(fnaninf.o)
    0x080055ba   0x0000000a   Code   RO          670    x$fpl$fretinf       fz_ws.l(fretinf.o)
    0x080055c4   0x000000ea   Code   RO          607    x$fpl$fsub          fz_ws.l(faddsub_clz.o)
    0x080056ae   0x00000000   Code   RO          672    x$fpl$usenofp       fz_ws.l(usenofp.o)
    0x080056ae   0x00000002   PAD
    0x080056b0   0x00000030   Data   RO          439    .constdata          common.o
    0x080056e0   0x00000028   Data   RO          551    .constdata          c_w.l(_printf_hex_int.o)
    0x08005708   0x00000011   Data   RO          581    .constdata          c_w.l(__printf_flags_wp.o)
    0x08005719   0x00000003   PAD
    0x0800571c   0x00000020   Data   RO          859    Region$$Table       anon$$obj.o
    0x0800573c   0x00000110   Data   RO          712    locale$$data        c_w.l(lc_ctype_c.o)


    Execution Region RW_IRAM1 (Base: 0x20000000, Size: 0x000014b8, Max: 0x00010000, ABSOLUTE)

    Base Addr    Size         Type   Attr      Idx    E Section Name        Object

    0x20000000   0x00000001   Data   RW            2    .data               main.o
    0x20000001   0x00000003   PAD
    0x20000004   0x00000014   Data   RW          193    .data               system_stm32f10x.o
    0x20000018   0x00000001   Data   RW          223    .data               key.o
    0x20000019   0x00000001   PAD
    0x2000001a   0x00000004   Data   RW          264    .data               delay.o
    0x2000001e   0x00000002   PAD
    0x20000020   0x00000006   Data   RW          296    .data               usart.o
    0x20000026   0x00000014   Data   RW          359    .data               stm32f10x_rcc.o
    0x2000003a   0x00000002   PAD
    0x2000003c   0x00000005   Data   RW          397    .data               gizwits_product.o
    0x20000041   0x00000003   PAD
    0x20000044   0x00000010   Data   RW          418    .data               gizwits_protocol.o
    0x20000054   0x000000c8   Zero   RW          295    .bss                usart.o
    0x2000011c   0x00000136   Zero   RW          417    .bss                gizwits_protocol.o
    0x20000252   0x00000002   PAD
    0x20000254   0x00000060   Zero   RW          674    .bss                c_w.l(libspace.o)
    0x200002b4   0x00000004   PAD
    0x200002b8   0x00000200   Zero   RW          328    HEAP                startup_stm32f10x_hd.o
    0x200004b8   0x00001000   Zero   RW          327    STACK               startup_stm32f10x_hd.o


==============================================================================

Image component sizes


      Code (inc. data)   RO Data    RW Data    ZI Data      Debug   Object Name

       920          8         48          0          0       3981   common.o
       844          0          0          0          0       4978   datapointtools.o
       212         18          0          4          0        935   delay.o
       656        240          0          5          0      17806   gizwits_product.o
      6944       2014          0         16        310      12377   gizwits_protocol.o
       252         12          0          1          0        784   key.o
        76          8          0          0          0        451   led.o
       332        158          0          1          0     262166   main.o
       220         22          0          0          0       1713   misc.o
       462          0          0          0          0       2403   ringbuffer.o
        64         26        304          0       4608        756   startup_stm32f10x_hd.o
       860         38          0          0          0       5557   stm32f10x_gpio.o
        26          0          0          0          0       1134   stm32f10x_it.o
       932         36          0         20          0       8680   stm32f10x_rcc.o
      3610         88          0          0          0      22040   stm32f10x_tim.o
      1032         22          0          0          0       8280   stm32f10x_usart.o
         0          0          0          0          0         32   sys.o
       480         38          0         20          0       1607   system_stm32f10x.o
       120          4          0          0          0        724   timer.o
       320         18          0          6        200       2994   usart.o
       208          8          0          0          0        820   usart3.o

    ----------------------------------------------------------------------
     18574       2758        384         84       5120     360218   Object Totals
         0          0         32          0          0          0   (incl. Generated)
         4          0          0         11          2          0   (incl. Padding)

    ----------------------------------------------------------------------

      Code (inc. data)   RO Data    RW Data    ZI Data      Debug   Library Member Name

         8          0          0          0          0         68   __main.o
       312          4         17          0          0         92   __printf_flags_wp.o
        14          0          0          0          0         68   __printf_wp.o
         0          0          0          0          0          0   __rtentry.o
        12          0          0          0          0          0   __rtentry2.o
         6          0          0          0          0          0   __rtentry4.o
        52          8          0          0          0          0   __scatter.o
        26          0          0          0          0          0   __scatter_copy.o
        28          0          0          0          0          0   __scatter_zi.o
        48          6          0          0          0         96   _printf_char_common.o
        36          4          0          0          0         80   _printf_char_file.o
         6          0          0          0          0          0   _printf_d.o
       120         16          0          0          0         92   _printf_dec.o
        88          4         40          0          0         88   _printf_hex_int.o
       178          0          0          0          0         88   _printf_intcommon.o
        78          0          0          0          0        108   _printf_pad.o
         0          0          0          0          0          0   _printf_percent.o
         4          0          0          0          0          0   _printf_percent_end.o
         6          0          0          0          0          0   _printf_x.o
        16          0          0          0          0         68   aeabi_memset.o
        12          0          0          0          0         72   exit.o
         8          0          0          0          0         68   ferror.o
        78          0          0          0          0         80   h1_free.o
         6          0          0          0          0        152   heapauxi.o
        44         10        272          0          0         76   lc_ctype_c.o
         2          0          0          0          0          0   libinit.o
        20          0          0          0          0          0   libinit2.o
         2          0          0          0          0          0   libshutdown.o
         2          0          0          0          0          0   libshutdown2.o
         8          4          0          0         96         68   libspace.o
        24          4          0          0          0         84   noretval__2printf.o
        16          4          0          0          0         76   rt_ctype_table.o
         8          4          0          0          0         68   rt_heap_descriptor_intlibspace.o
         8          4          0          0          0         68   rt_locale_intlibspace.o
        68          0          0          0          0         68   rt_memclr.o
        78          0          0          0          0         80   rt_memclr_w.o
       138          0          0          0          0         68   rt_memcpy_v6.o
       100          0          0          0          0         80   rt_memcpy_w.o
         2          0          0          0          0          0   rtexit.o
        10          0          0          0          0          0   rtexit2.o
       128          0          0          0          0         68   strcmpv7m.o
        62          0          0          0          0         76   strlen.o
        74          0          0          0          0         80   sys_stackheap_outer.o
        30          0          0          0          0         76   toupper.o
         2          0          0          0          0         68   use_no_semi.o
         2          0          0          0          0         68   use_no_semi_2.o
       430          8          0          0          0        168   faddsub_clz.o
       388         76          0          0          0         96   fdiv.o
        62          4          0          0          0         84   ffixu.o
        38          0          0          0          0         68   fflt_clz.o
       258          4          0          0          0         84   fmul.o
       140          4          0          0          0         84   fnaninf.o
        10          0          0          0          0         68   fretinf.o
         0          0          0          0          0          0   usenofp.o

    ----------------------------------------------------------------------
      3314        168        332          0        100       3044   Library Totals
        18          0          3          0          4          0   (incl. Padding)

    ----------------------------------------------------------------------

      Code (inc. data)   RO Data    RW Data    ZI Data      Debug   Library Name

      1970         72        329          0         96       2392   c_w.l
      1326         96          0          0          0        652   fz_ws.l

    ----------------------------------------------------------------------
      3314        168        332          0        100       3044   Library Totals

    ----------------------------------------------------------------------

==============================================================================


      Code (inc. data)   RO Data    RW Data    ZI Data      Debug   

     21888       2926        716         84       5220     359878   Grand Totals
     21888       2926        716         84       5220     359878   ELF Image Totals
     21888       2926        716         84          0          0   ROM Totals

==============================================================================

    Total RO  Size (Code + RO Data)                22604 (  22.07kB)
    Total RW  Size (RW Data + ZI Data)              5304 (   5.18kB)
    Total ROM Size (Code + RO Data + RW Data)      22688 (  22.16kB)

==============================================================================

